Archive member included to satisfy reference by file (symbol)

libFreeRTOS.a(tasks.c.obj)    CMakeFiles/rtos_blink.dir/src/rtos_blink.c.obj (xTaskCreate)
libFreeRTOS.a(list.c.obj)     libFreeRTOS.a(tasks.c.obj) (vListInitialise)
libFreeRTOS.a(port.c.obj)     libFreeRTOS.a(tasks.c.obj) (pxPortInitialiseStack)
libFreeRTOS.a(heap_4.c.obj)   libFreeRTOS.a(tasks.c.obj) (pvPortMalloc)
c:/progra~2/gnuarm~1/102021~1.10/bin/../lib/gcc/arm-none-eabi/10.3.1/thumb/v6-m/nofp\libgcc.a(_dvmd_tls.o)
                              CMakeFiles/rtos_blink.dir/C_/Pico/pico-sdk/src/rp2_common/pico_divider/divider.S.obj (__aeabi_idiv0)
c:/progra~2/gnuarm~1/102021~1.10/bin/../lib/gcc/arm-none-eabi/10.3.1/../../../../arm-none-eabi/lib/thumb/v6-m/nofp\libg.a(lib_a-calloc.o)
                              CMakeFiles/rtos_blink.dir/C_/Pico/pico-sdk/src/rp2_common/pico_malloc/pico_malloc.c.obj (calloc)
c:/progra~2/gnuarm~1/102021~1.10/bin/../lib/gcc/arm-none-eabi/10.3.1/../../../../arm-none-eabi/lib/thumb/v6-m/nofp\libg.a(lib_a-callocr.o)
                              c:/progra~2/gnuarm~1/102021~1.10/bin/../lib/gcc/arm-none-eabi/10.3.1/../../../../arm-none-eabi/lib/thumb/v6-m/nofp\libg.a(lib_a-calloc.o) (_calloc_r)
c:/progra~2/gnuarm~1/102021~1.10/bin/../lib/gcc/arm-none-eabi/10.3.1/../../../../arm-none-eabi/lib/thumb/v6-m/nofp\libg.a(lib_a-ctype_.o)
                              CMakeFiles/rtos_blink.dir/C_/Pico/pico-sdk/lib/tinyusb/src/tusb.c.obj (_ctype_)
c:/progra~2/gnuarm~1/102021~1.10/bin/../lib/gcc/arm-none-eabi/10.3.1/../../../../arm-none-eabi/lib/thumb/v6-m/nofp\libg.a(lib_a-errno.o)
                              c:/progra~2/gnuarm~1/102021~1.10/bin/../lib/gcc/arm-none-eabi/10.3.1/../../../../arm-none-eabi/lib/thumb/v6-m/nofp\libg.a(lib_a-callocr.o) (__errno)
c:/progra~2/gnuarm~1/102021~1.10/bin/../lib/gcc/arm-none-eabi/10.3.1/../../../../arm-none-eabi/lib/thumb/v6-m/nofp\libg.a(lib_a-impure.o)
                              c:/progra~2/gnuarm~1/102021~1.10/bin/../lib/gcc/arm-none-eabi/10.3.1/../../../../arm-none-eabi/lib/thumb/v6-m/nofp\libg.a(lib_a-calloc.o) (_impure_ptr)
c:/progra~2/gnuarm~1/102021~1.10/bin/../lib/gcc/arm-none-eabi/10.3.1/../../../../arm-none-eabi/lib/thumb/v6-m/nofp\libg.a(lib_a-init.o)
                              c:/progra~2/gnuarm~1/102021~1.10/bin/../lib/gcc/arm-none-eabi/10.3.1/../../../../arm-none-eabi/lib/thumb/v6-m/nofp/crt0.o (__libc_init_array)
c:/progra~2/gnuarm~1/102021~1.10/bin/../lib/gcc/arm-none-eabi/10.3.1/../../../../arm-none-eabi/lib/thumb/v6-m/nofp\libg.a(lib_a-malloc.o)
                              CMakeFiles/rtos_blink.dir/C_/Pico/pico-sdk/src/rp2_common/pico_malloc/pico_malloc.c.obj (malloc)
c:/progra~2/gnuarm~1/102021~1.10/bin/../lib/gcc/arm-none-eabi/10.3.1/../../../../arm-none-eabi/lib/thumb/v6-m/nofp\libg.a(lib_a-mallocr.o)
                              c:/progra~2/gnuarm~1/102021~1.10/bin/../lib/gcc/arm-none-eabi/10.3.1/../../../../arm-none-eabi/lib/thumb/v6-m/nofp\libg.a(lib_a-callocr.o) (_malloc_r)
c:/progra~2/gnuarm~1/102021~1.10/bin/../lib/gcc/arm-none-eabi/10.3.1/../../../../arm-none-eabi/lib/thumb/v6-m/nofp\libg.a(lib_a-mlock.o)
                              c:/progra~2/gnuarm~1/102021~1.10/bin/../lib/gcc/arm-none-eabi/10.3.1/../../../../arm-none-eabi/lib/thumb/v6-m/nofp\libg.a(lib_a-mallocr.o) (__malloc_lock)
c:/progra~2/gnuarm~1/102021~1.10/bin/../lib/gcc/arm-none-eabi/10.3.1/../../../../arm-none-eabi/lib/thumb/v6-m/nofp\libg.a(lib_a-sbrkr.o)
                              c:/progra~2/gnuarm~1/102021~1.10/bin/../lib/gcc/arm-none-eabi/10.3.1/../../../../arm-none-eabi/lib/thumb/v6-m/nofp\libg.a(lib_a-mallocr.o) (_sbrk_r)
c:/progra~2/gnuarm~1/102021~1.10/bin/../lib/gcc/arm-none-eabi/10.3.1/../../../../arm-none-eabi/lib/thumb/v6-m/nofp\libg.a(lib_a-strlen-stub.o)
                              CMakeFiles/rtos_blink.dir/C_/Pico/pico-sdk/src/rp2_common/pico_stdio/stdio.c.obj (strlen)
c:/progra~2/gnuarm~1/102021~1.10/bin/../lib/gcc/arm-none-eabi/10.3.1/../../../../arm-none-eabi/lib/thumb/v6-m/nofp\libg.a(lib_a-freer.o)
                              c:/progra~2/gnuarm~1/102021~1.10/bin/../lib/gcc/arm-none-eabi/10.3.1/../../../../arm-none-eabi/lib/thumb/v6-m/nofp\libg.a(lib_a-malloc.o) (_free_r)
c:/progra~2/gnuarm~1/102021~1.10/bin/../lib/gcc/arm-none-eabi/10.3.1/../../../../arm-none-eabi/lib/thumb/v6-m/nofp\libg.a(lib_a-lock.o)
                              c:/progra~2/gnuarm~1/102021~1.10/bin/../lib/gcc/arm-none-eabi/10.3.1/../../../../arm-none-eabi/lib/thumb/v6-m/nofp\libg.a(lib_a-mlock.o) (__retarget_lock_acquire_recursive)
c:/progra~2/gnuarm~1/102021~1.10/bin/../lib/gcc/arm-none-eabi/10.3.1/../../../../arm-none-eabi/lib/thumb/v6-m/nofp\libg.a(lib_a-reent.o)
                              c:/progra~2/gnuarm~1/102021~1.10/bin/../lib/gcc/arm-none-eabi/10.3.1/../../../../arm-none-eabi/lib/thumb/v6-m/nofp\libg.a(lib_a-sbrkr.o) (errno)

Discarded input sections

[...]
Memory Configuration

Name             Origin             Length             Attributes
FLASH            0x10000000         0x00200000         xr
RAM              0x20000000         0x00040000         xrw
SCRATCH_X        0x20040000         0x00001000         xrw
SCRATCH_Y        0x20041000         0x00001000         xrw
*default*        0x00000000         0xffffffff

Linker script and memory map

LOAD c:/progra~2/gnuarm~1/102021~1.10/bin/../lib/gcc/arm-none-eabi/10.3.1/thumb/v6-m/nofp/crti.o
LOAD c:/progra~2/gnuarm~1/102021~1.10/bin/../lib/gcc/arm-none-eabi/10.3.1/thumb/v6-m/nofp/crtbegin.o
LOAD c:/progra~2/gnuarm~1/102021~1.10/bin/../lib/gcc/arm-none-eabi/10.3.1/../../../../arm-none-eabi/lib/thumb/v6-m/nofp/crt0.o

.flash_begin    0x10000000        0x0
                0x10000000                __flash_binary_start = .

.boot2          0x10000000      0x100
                0x10000000                __boot2_start__ = .
 *(.boot2)
 .boot2         0x10000000      0x100 C:\Users\HIPAA\AppData\Local\Temp\cckUzLSG.o
                0x10000100                __boot2_end__ = .
                0x00000001                ASSERT (((__boot2_end__ - __boot2_start__) == 0x100), ERROR: Pico second stage bootloader must be 256 bytes in size)

.text           0x10000100     0x8458
                0x10000100                __logical_binary_start = .
 *(.vectors)
 .vectors       0x10000100       0xd4 CMakeFiles/rtos_blink.dir/C_/Pico/pico-sdk/src/rp2_common/pico_standard_link/crt0.S.obj
                0x10000100                __vectors
                0x10000100                __VECTOR_TABLE
                0x100001c0                isr_invalid
                0x100001c0                __default_isrs_start
                0x100001c2                isr_nmi
                0x100001c4                isr_hardfault
                0x100001cc                isr_irq11
                0x100001cc                isr_irq23
                0x100001cc                isr_irq18
                0x100001cc                isr_irq5
                0x100001cc                isr_irq31
                0x100001cc                isr_irq27
                0x100001cc                isr_irq19
                0x100001cc                isr_irq0
                0x100001cc                isr_irq6
                0x100001cc                isr_irq13
                0x100001cc                isr_irq12
                0x100001cc                isr_irq22
                0x100001cc                __unhandled_user_irq
                0x100001cc                isr_irq17
                0x100001cc                isr_irq14
                0x100001cc                isr_irq28
                0x100001cc                isr_irq2
                0x100001cc                isr_irq10
                0x100001cc                isr_irq8
                0x100001cc                isr_irq24
                0x100001cc                isr_irq1
                0x100001cc                isr_irq7
                0x100001cc                isr_irq21
                0x100001cc                isr_irq20
                0x100001cc                isr_irq15
                0x100001cc                isr_irq25
                0x100001cc                isr_irq30
                0x100001cc                isr_irq4
                0x100001cc                isr_irq16
                0x100001cc                isr_irq29
                0x100001cc                isr_irq26
                0x100001cc                __default_isrs_end
                0x100001cc                isr_irq3
                0x100001cc                isr_irq9
                0x100001d2                unhandled_user_irq_num_in_r0
 *(.binary_info_header)
 .binary_info_header
                0x100001d4       0x14 CMakeFiles/rtos_blink.dir/C_/Pico/pico-sdk/src/rp2_common/pico_standard_link/crt0.S.obj
                0x100001e8                __binary_info_header_end = .
 *(.reset)
 .reset         0x100001e8       0xa8 CMakeFiles/rtos_blink.dir/C_/Pico/pico-sdk/src/rp2_common/pico_standard_link/crt0.S.obj
                0x100001e8                _entry_point
                0x10000266                __get_current_exception
 .reset         0x10000290       0x30 CMakeFiles/rtos_blink.dir/C_/Pico/pico-sdk/src/rp2_common/pico_standard_link/binary_info.c.obj
 *(.init)
 .init          0x100002c0        0x4 c:/progra~2/gnuarm~1/102021~1.10/bin/../lib/gcc/arm-none-eabi/10.3.1/thumb/v6-m/nofp/crti.o
                0x100002c0                _init
 *(EXCLUDE_FILE(*libm.a: *libc.a:*lib_a-mem*.o *libgcc.a:) .text*)
 .text          0x100002c4       0x48 c:/progra~2/gnuarm~1/102021~1.10/bin/../lib/gcc/arm-none-eabi/10.3.1/thumb/v6-m/nofp/crtbegin.o
 .text.Blink    0x1000030c       0x38 CMakeFiles/rtos_blink.dir/src/rtos_blink.c.obj
                0x1000030c                Blink
 .text.main     0x10000344       0x60 CMakeFiles/rtos_blink.dir/src/rtos_blink.c.obj
                0x10000344                main
 .text.gpio_set_function
                0x100003a4       0x30 CMakeFiles/rtos_blink.dir/C_/Pico/pico-sdk/src/rp2_common/hardware_gpio/gpio.c.obj
                0x100003a4                gpio_set_function
 .text.gpio_init
                0x100003d4       0x16 CMakeFiles/rtos_blink.dir/C_/Pico/pico-sdk/src/rp2_common/hardware_gpio/gpio.c.obj
                0x100003d4                gpio_init
 *fill*         0x100003ea        0x2 
 .text.hw_claim_lock
                0x100003ec       0x18 CMakeFiles/rtos_blink.dir/C_/Pico/pico-sdk/src/rp2_common/hardware_claim/claim.c.obj
                0x100003ec                hw_claim_lock
 .text.hw_claim_unlock
                0x10000404       0x14 CMakeFiles/rtos_blink.dir/C_/Pico/pico-sdk/src/rp2_common/hardware_claim/claim.c.obj
                0x10000404                hw_claim_unlock
 .text.hw_claim_or_assert
                0x10000418       0x32 CMakeFiles/rtos_blink.dir/C_/Pico/pico-sdk/src/rp2_common/hardware_claim/claim.c.obj
                0x10000418                hw_claim_or_assert
 .text.hw_claim_unused_from_range
                0x1000044a       0x50 CMakeFiles/rtos_blink.dir/C_/Pico/pico-sdk/src/rp2_common/hardware_claim/claim.c.obj
                0x1000044a                hw_claim_unused_from_range
 *fill*         0x1000049a        0x2 
 .text.running_on_fpga
                0x1000049c       0x14 CMakeFiles/rtos_blink.dir/C_/Pico/pico-sdk/src/rp2_common/pico_platform/platform.c.obj
                0x1000049c                running_on_fpga
 .text.spin_locks_reset
                0x100004b0       0x20 CMakeFiles/rtos_blink.dir/C_/Pico/pico-sdk/src/rp2_common/hardware_sync/sync.c.obj
                0x100004b0                spin_locks_reset
 .text.next_striped_spin_lock_num
                0x100004d0       0x1c CMakeFiles/rtos_blink.dir/C_/Pico/pico-sdk/src/rp2_common/hardware_sync/sync.c.obj
                0x100004d0                next_striped_spin_lock_num
 .text.spin_lock_claim_unused
                0x100004ec       0x20 CMakeFiles/rtos_blink.dir/C_/Pico/pico-sdk/src/rp2_common/hardware_sync/sync.c.obj
                0x100004ec                spin_lock_claim_unused
 .text.alarm_pool_post_alloc_init
                0x1000050c       0x40 CMakeFiles/rtos_blink.dir/C_/Pico/pico-sdk/src/common/pico_time/time.c.obj
 .text.sleep_until_callback
                0x1000054c       0x30 CMakeFiles/rtos_blink.dir/C_/Pico/pico-sdk/src/common/pico_time/time.c.obj
 .text.timer_pool_entry_comparator
                0x1000057c       0x7c CMakeFiles/rtos_blink.dir/C_/Pico/pico-sdk/src/common/pico_time/time.c.obj
                0x1000057c                timer_pool_entry_comparator
 .text.ph_add_child_node
                0x100005f8       0xa4 CMakeFiles/rtos_blink.dir/C_/Pico/pico-sdk/src/common/pico_time/time.c.obj
 .text.ph_merge_nodes
                0x1000069c       0x3e CMakeFiles/rtos_blink.dir/C_/Pico/pico-sdk/src/common/pico_time/time.c.obj
 *fill*         0x100006da        0x2 
 .text.add_alarm_under_lock
                0x100006dc      0x174 CMakeFiles/rtos_blink.dir/C_/Pico/pico-sdk/src/common/pico_time/time.c.obj
 .text.alarm_pool_alarm_callback
                0x10000850      0x328 CMakeFiles/rtos_blink.dir/C_/Pico/pico-sdk/src/common/pico_time/time.c.obj
 .text.alarm_pool_init_default
                0x10000b78       0x38 CMakeFiles/rtos_blink.dir/C_/Pico/pico-sdk/src/common/pico_time/time.c.obj
                0x10000b78                alarm_pool_init_default
 .text.alarm_pool_get_default
                0x10000bb0       0x2c CMakeFiles/rtos_blink.dir/C_/Pico/pico-sdk/src/common/pico_time/time.c.obj
                0x10000bb0                alarm_pool_get_default
 .text.alarm_pool_add_alarm_at
                0x10000bdc      0x170 CMakeFiles/rtos_blink.dir/C_/Pico/pico-sdk/src/common/pico_time/time.c.obj
                0x10000bdc                alarm_pool_add_alarm_at
 .text.alarm_pool_cancel_alarm
                0x10000d4c       0xf0 CMakeFiles/rtos_blink.dir/C_/Pico/pico-sdk/src/common/pico_time/time.c.obj
                0x10000d4c                alarm_pool_cancel_alarm
 .text.best_effort_wfe_or_timeout
                0x10000e3c       0x80 CMakeFiles/rtos_blink.dir/C_/Pico/pico-sdk/src/common/pico_time/time.c.obj
                0x10000e3c                best_effort_wfe_or_timeout
 .text.hardware_alarm_irq_handler
                0x10000ebc       0x8c CMakeFiles/rtos_blink.dir/C_/Pico/pico-sdk/src/rp2_common/hardware_timer/timer.c.obj
 .text.hardware_alarm_claim
                0x10000f48       0x18 CMakeFiles/rtos_blink.dir/C_/Pico/pico-sdk/src/rp2_common/hardware_timer/timer.c.obj
                0x10000f48                hardware_alarm_claim
 .text.time_us_64
                0x10000f60       0x18 CMakeFiles/rtos_blink.dir/C_/Pico/pico-sdk/src/rp2_common/hardware_timer/timer.c.obj
                0x10000f60                time_us_64
 .text.hardware_alarm_set_callback
                0x10000f78       0x90 CMakeFiles/rtos_blink.dir/C_/Pico/pico-sdk/src/rp2_common/hardware_timer/timer.c.obj
                0x10000f78                hardware_alarm_set_callback
 .text.hardware_alarm_set_target
                0x10001008       0xe8 CMakeFiles/rtos_blink.dir/C_/Pico/pico-sdk/src/rp2_common/hardware_timer/timer.c.obj
                0x10001008                hardware_alarm_set_target
 .text.hardware_alarm_cancel
                0x100010f0       0x40 CMakeFiles/rtos_blink.dir/C_/Pico/pico-sdk/src/rp2_common/hardware_timer/timer.c.obj
                0x100010f0                hardware_alarm_cancel
 .text.lock_init
                0x10001130       0x10 CMakeFiles/rtos_blink.dir/C_/Pico/pico-sdk/src/common/pico_sync/lock_core.c.obj
                0x10001130                lock_init
 .text.mutex_init
                0x10001140       0x1a CMakeFiles/rtos_blink.dir/C_/Pico/pico-sdk/src/common/pico_sync/mutex.c.obj
                0x10001140                mutex_init
 .text.recursive_mutex_init
                0x1000115a       0x1e CMakeFiles/rtos_blink.dir/C_/Pico/pico-sdk/src/common/pico_sync/mutex.c.obj
                0x1000115a                recursive_mutex_init
 .text.critical_section_init_with_lock_num
                0x10001178       0x14 CMakeFiles/rtos_blink.dir/C_/Pico/pico-sdk/src/common/pico_sync/critical_section.c.obj
                0x10001178                critical_section_init_with_lock_num
 .text.critical_section_init
                0x1000118c       0x14 CMakeFiles/rtos_blink.dir/C_/Pico/pico-sdk/src/common/pico_sync/critical_section.c.obj
                0x1000118c                critical_section_init
 .text.ph_add_child_node
                0x100011a0       0xa4 CMakeFiles/rtos_blink.dir/C_/Pico/pico-sdk/src/common/pico_util/pheap.c.obj
 .text.ph_merge_nodes
                0x10001244       0x3e CMakeFiles/rtos_blink.dir/C_/Pico/pico-sdk/src/common/pico_util/pheap.c.obj
 *fill*         0x10001282        0x2 
 .text.ph_clear
                0x10001284       0x70 CMakeFiles/rtos_blink.dir/C_/Pico/pico-sdk/src/common/pico_util/pheap.c.obj
                0x10001284                ph_clear
 .text.ph_post_alloc_init
                0x100012f4        0xe CMakeFiles/rtos_blink.dir/C_/Pico/pico-sdk/src/common/pico_util/pheap.c.obj
                0x100012f4                ph_post_alloc_init
 *fill*         0x10001302        0x2 
 .text.ph_merge_two_pass
                0x10001304       0xa8 CMakeFiles/rtos_blink.dir/C_/Pico/pico-sdk/src/common/pico_util/pheap.c.obj
                0x10001304                ph_merge_two_pass
 .text.ph_remove_any_head
                0x100013ac      0x108 CMakeFiles/rtos_blink.dir/C_/Pico/pico-sdk/src/common/pico_util/pheap.c.obj
 .text.ph_remove_head
                0x100014b4       0x14 CMakeFiles/rtos_blink.dir/C_/Pico/pico-sdk/src/common/pico_util/pheap.c.obj
                0x100014b4                ph_remove_head
 .text.ph_remove_and_free_node
                0x100014c8       0xf8 CMakeFiles/rtos_blink.dir/C_/Pico/pico-sdk/src/common/pico_util/pheap.c.obj
                0x100014c8                ph_remove_and_free_node
 .text._exit    0x100015c0        0x4 CMakeFiles/rtos_blink.dir/C_/Pico/pico-sdk/src/rp2_common/pico_runtime/runtime.c.obj
                0x100015c0                _exit
 .text.exit     0x100015c4        0x6 CMakeFiles/rtos_blink.dir/C_/Pico/pico-sdk/src/rp2_common/pico_runtime/runtime.c.obj
                0x100015c4                exit
 *fill*         0x100015ca        0x2 
 .text.__assert_func
                0x100015cc       0x3c CMakeFiles/rtos_blink.dir/C_/Pico/pico-sdk/src/rp2_common/pico_runtime/runtime.c.obj
                0x100015cc                __assert_func
 .text.runtime_init
                0x10001608       0xf8 CMakeFiles/rtos_blink.dir/C_/Pico/pico-sdk/src/rp2_common/pico_runtime/runtime.c.obj
                0x10001608                runtime_init
 .text.panic    0x10001700       0x30 CMakeFiles/rtos_blink.dir/C_/Pico/pico-sdk/src/rp2_common/pico_runtime/runtime.c.obj
                0x10001700                panic
 .text.clock_configure
                0x10001730      0x104 CMakeFiles/rtos_blink.dir/C_/Pico/pico-sdk/src/rp2_common/hardware_clocks/clocks.c.obj
                0x10001730                clock_configure
 .text.clocks_init
                0x10001834      0x100 CMakeFiles/rtos_blink.dir/C_/Pico/pico-sdk/src/rp2_common/hardware_clocks/clocks.c.obj
                0x10001834                clocks_init
 .text.set_raw_irq_handler_and_unlock
                0x10001934       0x28 CMakeFiles/rtos_blink.dir/C_/Pico/pico-sdk/src/rp2_common/hardware_irq/irq.c.obj
 .text.make_branch
                0x1000195c       0x34 CMakeFiles/rtos_blink.dir/C_/Pico/pico-sdk/src/rp2_common/hardware_irq/irq.c.obj
 .text.insert_branch_and_link
                0x10001990       0x40 CMakeFiles/rtos_blink.dir/C_/Pico/pico-sdk/src/rp2_common/hardware_irq/irq.c.obj
 .text.irq_is_enabled
                0x100019d0       0x18 CMakeFiles/rtos_blink.dir/C_/Pico/pico-sdk/src/rp2_common/hardware_irq/irq.c.obj
                0x100019d0                irq_is_enabled
 .text.irq_set_mask_enabled
                0x100019e8       0x20 CMakeFiles/rtos_blink.dir/C_/Pico/pico-sdk/src/rp2_common/hardware_irq/irq.c.obj
                0x100019e8                irq_set_mask_enabled
 .text.irq_set_enabled
                0x10001a08        0xe CMakeFiles/rtos_blink.dir/C_/Pico/pico-sdk/src/rp2_common/hardware_irq/irq.c.obj
                0x10001a08                irq_set_enabled
 *fill*         0x10001a16        0x2 
 .text.irq_set_pending
                0x10001a18       0x10 CMakeFiles/rtos_blink.dir/C_/Pico/pico-sdk/src/rp2_common/hardware_irq/irq.c.obj
                0x10001a18                irq_set_pending
 .text.irq_get_vtable_handler
                0x10001a28       0x10 CMakeFiles/rtos_blink.dir/C_/Pico/pico-sdk/src/rp2_common/hardware_irq/irq.c.obj
                0x10001a28                irq_get_vtable_handler
 .text.irq_set_exclusive_handler
                0x10001a38       0x54 CMakeFiles/rtos_blink.dir/C_/Pico/pico-sdk/src/rp2_common/hardware_irq/irq.c.obj
                0x10001a38                irq_set_exclusive_handler
 .text.irq_remove_handler
                0x10001a8c      0x1ac CMakeFiles/rtos_blink.dir/C_/Pico/pico-sdk/src/rp2_common/hardware_irq/irq.c.obj
                0x10001a8c                irq_remove_handler
 .text.irq_add_tail_to_free_list
                0x10001c38       0xf0 CMakeFiles/rtos_blink.dir/C_/Pico/pico-sdk/src/rp2_common/hardware_irq/irq.c.obj
                0x10001c38                irq_add_tail_to_free_list
 .text.irq_init_priorities
                0x10001d28       0x1c CMakeFiles/rtos_blink.dir/C_/Pico/pico-sdk/src/rp2_common/hardware_irq/irq.c.obj
                0x10001d28                irq_init_priorities
 .text.pll_init
                0x10001d44      0x118 CMakeFiles/rtos_blink.dir/C_/Pico/pico-sdk/src/rp2_common/hardware_pll/pll.c.obj
                0x10001d44                pll_init
 .text.watchdog_start_tick
                0x10001e5c       0x10 CMakeFiles/rtos_blink.dir/C_/Pico/pico-sdk/src/rp2_common/hardware_watchdog/watchdog.c.obj
                0x10001e5c                watchdog_start_tick
 .text.watchdog_update
                0x10001e6c       0x14 CMakeFiles/rtos_blink.dir/C_/Pico/pico-sdk/src/rp2_common/hardware_watchdog/watchdog.c.obj
                0x10001e6c                watchdog_update
 .text._watchdog_enable
                0x10001e80       0x78 CMakeFiles/rtos_blink.dir/C_/Pico/pico-sdk/src/rp2_common/hardware_watchdog/watchdog.c.obj
                0x10001e80                _watchdog_enable
 .text.watchdog_reboot
                0x10001ef8       0x48 CMakeFiles/rtos_blink.dir/C_/Pico/pico-sdk/src/rp2_common/hardware_watchdog/watchdog.c.obj
                0x10001ef8                watchdog_reboot
 .text.xosc_init
                0x10001f40       0x28 CMakeFiles/rtos_blink.dir/C_/Pico/pico-sdk/src/rp2_common/hardware_xosc/xosc.c.obj
                0x10001f40                xosc_init
 .text._out_null
                0x10001f68        0x2 CMakeFiles/rtos_blink.dir/C_/Pico/pico-sdk/src/rp2_common/pico_printf/printf.c.obj
 .text._out_fct
                0x10001f6a        0xe CMakeFiles/rtos_blink.dir/C_/Pico/pico-sdk/src/rp2_common/pico_printf/printf.c.obj
 .text._atoi    0x10001f78       0x24 CMakeFiles/rtos_blink.dir/C_/Pico/pico-sdk/src/rp2_common/pico_printf/printf.c.obj
 .text._out_rev
                0x10001f9c       0xae CMakeFiles/rtos_blink.dir/C_/Pico/pico-sdk/src/rp2_common/pico_printf/printf.c.obj
 .text._ntoa_format
                0x1000204a      0x112 CMakeFiles/rtos_blink.dir/C_/Pico/pico-sdk/src/rp2_common/pico_printf/printf.c.obj
 .text._ntoa_long
                0x1000215c       0xbc CMakeFiles/rtos_blink.dir/C_/Pico/pico-sdk/src/rp2_common/pico_printf/printf.c.obj
 .text._ntoa_long_long
                0x10002218       0xe2 CMakeFiles/rtos_blink.dir/C_/Pico/pico-sdk/src/rp2_common/pico_printf/printf.c.obj
 *fill*         0x100022fa        0x2 
 .text._etoa    0x100022fc      0x414 CMakeFiles/rtos_blink.dir/C_/Pico/pico-sdk/src/rp2_common/pico_printf/printf.c.obj
 .text._ftoa    0x10002710      0x354 CMakeFiles/rtos_blink.dir/C_/Pico/pico-sdk/src/rp2_common/pico_printf/printf.c.obj
 .text._vsnprintf
                0x10002a64      0x624 CMakeFiles/rtos_blink.dir/C_/Pico/pico-sdk/src/rp2_common/pico_printf/printf.c.obj
 .text.vfctprintf
                0x10003088       0x20 CMakeFiles/rtos_blink.dir/C_/Pico/pico-sdk/src/rp2_common/pico_printf/printf.c.obj
                0x10003088                vfctprintf
 .text          0x100030a8       0x10 CMakeFiles/rtos_blink.dir/C_/Pico/pico-sdk/src/rp2_common/pico_bit_ops/bit_ops_aeabi.S.obj
 .text.rom_func_lookup
                0x100030b8       0x10 CMakeFiles/rtos_blink.dir/C_/Pico/pico-sdk/src/rp2_common/pico_bootrom/bootrom.c.obj
                0x100030b8                rom_func_lookup
 .text.rom_data_lookup
                0x100030c8       0x10 CMakeFiles/rtos_blink.dir/C_/Pico/pico-sdk/src/rp2_common/pico_bootrom/bootrom.c.obj
                0x100030c8                rom_data_lookup
 .text.rom_funcs_lookup
                0x100030d8       0x36 CMakeFiles/rtos_blink.dir/C_/Pico/pico-sdk/src/rp2_common/pico_bootrom/bootrom.c.obj
                0x100030d8                rom_funcs_lookup
 *fill*         0x1000310e        0x2 
 .text.__wrap___aeabi_idiv
                0x10003110       0x50 CMakeFiles/rtos_blink.dir/C_/Pico/pico-sdk/src/rp2_common/pico_divider/divider.S.obj
                0x10003110                __wrap___aeabi_idivmod
                0x10003110                divmod_s32s32
                0x10003110                div_s32s32
                0x10003110                __wrap___aeabi_idiv
                0x10003118                divmod_s32s32_unsafe
                0x10003144                divmod_s32s32_savestate
 .text.__wrap___aeabi_uidiv
                0x10003160       0x4c CMakeFiles/rtos_blink.dir/C_/Pico/pico-sdk/src/rp2_common/pico_divider/divider.S.obj
                0x10003160                __wrap___aeabi_uidiv
                0x10003160                __wrap___aeabi_uidivmod
                0x10003160                div_u32u32
                0x10003160                divmod_u32u32
                0x10003168                divmod_u32u32_unsafe
                0x10003190                divmod_u32u32_savestate
 .text.__wrap___aeabi_ldiv
                0x100031ac      0x434 CMakeFiles/rtos_blink.dir/C_/Pico/pico-sdk/src/rp2_common/pico_divider/divider.S.obj
                0x100031ac                div_s64s64
                0x100031ac                divmod_s64s64
                0x100031ac                __wrap___aeabi_ldivmod
                0x100031e4                divmod_u64u64
                0x100031e4                div_u64u64
                0x100031e4                __wrap___aeabi_uldivmod
                0x100031f4                divmod_u64u64_savestate
                0x1000321c                divmod_s64s64_unsafe
                0x100032a4                divmod_u64u64_unsafe
 .text.__wrap___aeabi_darithmetic
                0x100035e0       0x80 CMakeFiles/rtos_blink.dir/C_/Pico/pico-sdk/src/rp2_common/pico_double/double_aeabi.S.obj
                0x100035e0                __wrap___aeabi_drsub
                0x100035e6                __wrap___aeabi_dsub
                0x100035f8                __wrap___aeabi_dadd
                0x1000360a                __wrap___aeabi_ddiv
                0x10003646                __wrap___aeabi_dmul
 .text.__wrap___aeabi_cdcmple
                0x10003660       0x6c CMakeFiles/rtos_blink.dir/C_/Pico/pico-sdk/src/rp2_common/pico_double/double_aeabi.S.obj
                0x10003660                __wrap___aeabi_cdrcmple
                0x10003670                __wrap___aeabi_cdcmpeq
                0x10003670                __wrap___aeabi_cdcmple
 .text.__wrap___aeabi_dcmplt
                0x100036cc        0xc CMakeFiles/rtos_blink.dir/C_/Pico/pico-sdk/src/rp2_common/pico_double/double_aeabi.S.obj
                0x100036cc                __wrap___aeabi_dcmplt
 .text.__wrap___aeabi_dcmple
                0x100036d8       0x10 CMakeFiles/rtos_blink.dir/C_/Pico/pico-sdk/src/rp2_common/pico_double/double_aeabi.S.obj
                0x100036d8                __wrap___aeabi_dcmple
 .text.__wrap___aeabi_dcmpge
                0x100036e8       0x10 CMakeFiles/rtos_blink.dir/C_/Pico/pico-sdk/src/rp2_common/pico_double/double_aeabi.S.obj
                0x100036e8                __wrap___aeabi_dcmpge
 .text.__wrap___aeabi_dcmpgt
                0x100036f8        0xa CMakeFiles/rtos_blink.dir/C_/Pico/pico-sdk/src/rp2_common/pico_double/double_aeabi.S.obj
                0x100036f8                __wrap___aeabi_dcmpgt
 .text.__wrap___aeabi_dcmpun
                0x10003702       0x1c CMakeFiles/rtos_blink.dir/C_/Pico/pico-sdk/src/rp2_common/pico_double/double_aeabi.S.obj
                0x10003702                __wrap___aeabi_dcmpun
 *fill*         0x1000371e        0x2 
 .text.__wrap___aeabi_i2d
                0x10003720       0x38 CMakeFiles/rtos_blink.dir/C_/Pico/pico-sdk/src/rp2_common/pico_double/double_aeabi.S.obj
                0x10003720                __wrap___aeabi_ui2d
                0x10003728                __wrap___aeabi_i2d
 .text.__wrap___aeabi_d2iz
                0x10003758       0x48 CMakeFiles/rtos_blink.dir/C_/Pico/pico-sdk/src/rp2_common/pico_double/double_aeabi.S.obj
                0x10003758                double2int_z
                0x10003758                __wrap___aeabi_d2iz
 .text.__wrap___aeabi_d2uiz
                0x100037a0       0x18 CMakeFiles/rtos_blink.dir/C_/Pico/pico-sdk/src/rp2_common/pico_double/double_aeabi.S.obj
                0x100037a0                __wrap___aeabi_d2uiz
                0x100037a0                double2uint
 .text.__aeabi_double_init
                0x100037b8       0xc8 CMakeFiles/rtos_blink.dir/C_/Pico/pico-sdk/src/rp2_common/pico_double/double_init_rom.c.obj
                0x100037b8                __aeabi_double_init
 .text.double_table_shim_on_use_helper
                0x10003880       0x34 CMakeFiles/rtos_blink.dir/C_/Pico/pico-sdk/src/rp2_common/pico_double/double_v1_rom_shim.S.obj
                0x10003880                double_table_shim_on_use_helper
 .text.__wrap___aeabi_dsub
                0x100038b4       0x10 CMakeFiles/rtos_blink.dir/C_/Pico/pico-sdk/src/rp2_common/pico_double/double_v1_rom_shim.S.obj
                0x100038b4                drsub_shim
                0x100038ba                dsub_shim
 .text.dadd_shim
                0x100038c4      0x15c CMakeFiles/rtos_blink.dir/C_/Pico/pico-sdk/src/rp2_common/pico_double/double_v1_rom_shim.S.obj
                0x100038c4                dadd_shim
 .text.dmul_shim
                0x10003a20      0x15c CMakeFiles/rtos_blink.dir/C_/Pico/pico-sdk/src/rp2_common/pico_double/double_v1_rom_shim.S.obj
                0x10003a20                dmul_shim
 .text.ddiv_shim
                0x10003b7c      0x1b0 CMakeFiles/rtos_blink.dir/C_/Pico/pico-sdk/src/rp2_common/pico_double/double_v1_rom_shim.S.obj
                0x10003b7c                ddiv_shim
 .text.double2uint_shim
                0x10003d2c        0xe CMakeFiles/rtos_blink.dir/C_/Pico/pico-sdk/src/rp2_common/pico_double/double_v1_rom_shim.S.obj
                0x10003d2c                double2uint_shim
                0x10003d2e                double2ufix_shim
 *fill*         0x10003d3a        0x2 
 .text.double2uint64_shim
                0x10003d3c       0x70 CMakeFiles/rtos_blink.dir/C_/Pico/pico-sdk/src/rp2_common/pico_double/double_v1_rom_shim.S.obj
                0x10003d3c                double2uint64_shim
                0x10003d3e                double2ufix64_shim
                0x10003d5e                d2fix_a
 .text.dunpacks
                0x10003dac       0x3c CMakeFiles/rtos_blink.dir/C_/Pico/pico-sdk/src/rp2_common/pico_double/double_v1_rom_shim.S.obj
                0x10003dac                dunpacks
 .text.__aeabi_lmul
                0x10003de8       0x32 CMakeFiles/rtos_blink.dir/C_/Pico/pico-sdk/src/rp2_common/pico_int64_ops/pico_int64_ops_aeabi.S.obj
                0x10003de8                __wrap___aeabi_lmul
 *fill*         0x10003e1a        0x2 
 .text.__aeabi_float_init
                0x10003e1c       0xfc CMakeFiles/rtos_blink.dir/C_/Pico/pico-sdk/src/rp2_common/pico_float/float_init_rom.c.obj
                0x10003e1c                __aeabi_float_init
 .text.float_table_shim_on_use_helper
                0x10003f18       0x34 CMakeFiles/rtos_blink.dir/C_/Pico/pico-sdk/src/rp2_common/pico_float/float_v1_rom_shim.S.obj
                0x10003f18                float_table_shim_on_use_helper
 .text          0x10003f4c       0x10 CMakeFiles/rtos_blink.dir/C_/Pico/pico-sdk/src/rp2_common/pico_mem_ops/mem_ops_aeabi.S.obj
                0x10003f4c                __aeabi_mem_init
 .text.memset   0x10003f5c        0xc CMakeFiles/rtos_blink.dir/C_/Pico/pico-sdk/src/rp2_common/pico_mem_ops/mem_ops_aeabi.S.obj
                0x10003f5c                __wrap_memset
 .text.memcpy   0x10003f68        0xc CMakeFiles/rtos_blink.dir/C_/Pico/pico-sdk/src/rp2_common/pico_mem_ops/mem_ops_aeabi.S.obj
                0x10003f68                __wrap_memcpy
                0x10003f68                __wrap___aeabi_memcpy
 .text.stdio_out_chars_no_crlf
                0x10003f74        0xe CMakeFiles/rtos_blink.dir/C_/Pico/pico-sdk/src/rp2_common/pico_stdio/stdio.c.obj
 *fill*         0x10003f82        0x2 
 .text.stdio_out_chars_crlf
                0x10003f84       0x80 CMakeFiles/rtos_blink.dir/C_/Pico/pico-sdk/src/rp2_common/pico_stdio/stdio.c.obj
 .text.stdio_stack_buffer_flush
                0x10004004       0x44 CMakeFiles/rtos_blink.dir/C_/Pico/pico-sdk/src/rp2_common/pico_stdio/stdio.c.obj
 .text.stdio_buffered_printer
                0x10004048       0x20 CMakeFiles/rtos_blink.dir/C_/Pico/pico-sdk/src/rp2_common/pico_stdio/stdio.c.obj
 .text.stdout_serialize_begin
                0x10004068       0x30 CMakeFiles/rtos_blink.dir/C_/Pico/pico-sdk/src/rp2_common/pico_stdio/stdio.c.obj
                0x10004068                stdout_serialize_begin
 .text.stdout_serialize_end
                0x10004098       0x10 CMakeFiles/rtos_blink.dir/C_/Pico/pico-sdk/src/rp2_common/pico_stdio/stdio.c.obj
                0x10004098                stdout_serialize_end
 .text.stdio_put_string
                0x100040a8       0x98 CMakeFiles/rtos_blink.dir/C_/Pico/pico-sdk/src/rp2_common/pico_stdio/stdio.c.obj
 .text.stdio_set_driver_enabled
                0x10004140       0x38 CMakeFiles/rtos_blink.dir/C_/Pico/pico-sdk/src/rp2_common/pico_stdio/stdio.c.obj
                0x10004140                stdio_set_driver_enabled
 .text.stdio_flush
                0x10004178       0x20 CMakeFiles/rtos_blink.dir/C_/Pico/pico-sdk/src/rp2_common/pico_stdio/stdio.c.obj
                0x10004178                stdio_flush
 .text.__wrap_puts
                0x10004198       0x1e CMakeFiles/rtos_blink.dir/C_/Pico/pico-sdk/src/rp2_common/pico_stdio/stdio.c.obj
                0x10004198                __wrap_puts
 *fill*         0x100041b6        0x2 
 .text.__wrap_vprintf
                0x100041b8       0x44 CMakeFiles/rtos_blink.dir/C_/Pico/pico-sdk/src/rp2_common/pico_stdio/stdio.c.obj
                0x100041b8                __wrap_vprintf
 .text.__wrap_printf
                0x100041fc       0x18 CMakeFiles/rtos_blink.dir/C_/Pico/pico-sdk/src/rp2_common/pico_stdio/stdio.c.obj
                0x100041fc                __wrap_printf
 .text.stdio_init_all
                0x10004214        0x8 CMakeFiles/rtos_blink.dir/C_/Pico/pico-sdk/src/rp2_common/pico_stdio/stdio.c.obj
                0x10004214                stdio_init_all
 .text.resetd_init
                0x1000421c        0x2 CMakeFiles/rtos_blink.dir/C_/Pico/pico-sdk/src/rp2_common/pico_stdio_usb/reset_interface.c.obj
 *fill*         0x1000421e        0x2 
 .text.resetd_reset
                0x10004220        0xc CMakeFiles/rtos_blink.dir/C_/Pico/pico-sdk/src/rp2_common/pico_stdio_usb/reset_interface.c.obj
 .text.resetd_open
                0x1000422c       0x34 CMakeFiles/rtos_blink.dir/C_/Pico/pico-sdk/src/rp2_common/pico_stdio_usb/reset_interface.c.obj
 .text.resetd_xfer_cb
                0x10004260        0x4 CMakeFiles/rtos_blink.dir/C_/Pico/pico-sdk/src/rp2_common/pico_stdio_usb/reset_interface.c.obj
 .text.reset_usb_boot
                0x10004264       0x18 CMakeFiles/rtos_blink.dir/C_/Pico/pico-sdk/src/rp2_common/pico_stdio_usb/reset_interface.c.obj
 .text.resetd_control_xfer_cb
                0x1000427c       0x5c CMakeFiles/rtos_blink.dir/C_/Pico/pico-sdk/src/rp2_common/pico_stdio_usb/reset_interface.c.obj
 .text.usbd_app_driver_get_cb
                0x100042d8        0xc CMakeFiles/rtos_blink.dir/C_/Pico/pico-sdk/src/rp2_common/pico_stdio_usb/reset_interface.c.obj
                0x100042d8                usbd_app_driver_get_cb
 .text.tud_cdc_line_coding_cb
                0x100042e4       0x28 CMakeFiles/rtos_blink.dir/C_/Pico/pico-sdk/src/rp2_common/pico_stdio_usb/reset_interface.c.obj
                0x100042e4                tud_cdc_line_coding_cb
 .text.stdio_usb_in_chars
                0x1000430c       0x70 CMakeFiles/rtos_blink.dir/C_/Pico/pico-sdk/src/rp2_common/pico_stdio_usb/stdio_usb.c.obj
                0x1000430c                stdio_usb_in_chars
 .text.low_priority_worker_irq
                0x1000437c       0x20 CMakeFiles/rtos_blink.dir/C_/Pico/pico-sdk/src/rp2_common/pico_stdio_usb/stdio_usb.c.obj
 .text.stdio_usb_out_chars
                0x1000439c       0xd4 CMakeFiles/rtos_blink.dir/C_/Pico/pico-sdk/src/rp2_common/pico_stdio_usb/stdio_usb.c.obj
 .text.timer_task
                0x10004470       0x10 CMakeFiles/rtos_blink.dir/C_/Pico/pico-sdk/src/rp2_common/pico_stdio_usb/stdio_usb.c.obj
 .text.stdio_usb_init
                0x10004480       0xb8 CMakeFiles/rtos_blink.dir/C_/Pico/pico-sdk/src/rp2_common/pico_stdio_usb/stdio_usb.c.obj
                0x10004480                stdio_usb_init
 .text.tud_descriptor_device_cb
                0x10004538        0x8 CMakeFiles/rtos_blink.dir/C_/Pico/pico-sdk/src/rp2_common/pico_stdio_usb/stdio_usb_descriptors.c.obj
                0x10004538                tud_descriptor_device_cb
 .text.tud_descriptor_configuration_cb
                0x10004540        0x8 CMakeFiles/rtos_blink.dir/C_/Pico/pico-sdk/src/rp2_common/pico_stdio_usb/stdio_usb_descriptors.c.obj
                0x10004540                tud_descriptor_configuration_cb
 .text.tud_descriptor_string_cb
                0x10004548       0x6c CMakeFiles/rtos_blink.dir/C_/Pico/pico-sdk/src/rp2_common/pico_stdio_usb/stdio_usb_descriptors.c.obj
                0x10004548                tud_descriptor_string_cb
 .text.hw_endpoint_get_by_addr
                0x100045b4       0x18 CMakeFiles/rtos_blink.dir/C_/Pico/pico-sdk/lib/tinyusb/src/portable/raspberrypi/rp2040/dcd_rp2040.c.obj
 .text.reset_ep0_pid
                0x100045cc       0x28 CMakeFiles/rtos_blink.dir/C_/Pico/pico-sdk/lib/tinyusb/src/portable/raspberrypi/rp2040/dcd_rp2040.c.obj
 .text._hw_endpoint_alloc
                0x100045f4       0x70 CMakeFiles/rtos_blink.dir/C_/Pico/pico-sdk/lib/tinyusb/src/portable/raspberrypi/rp2040/dcd_rp2040.c.obj
 .text.hw_endpoint_init
                0x10004664       0x88 CMakeFiles/rtos_blink.dir/C_/Pico/pico-sdk/lib/tinyusb/src/portable/raspberrypi/rp2040/dcd_rp2040.c.obj
 .text.reset_non_control_endpoints
                0x100046ec       0x40 CMakeFiles/rtos_blink.dir/C_/Pico/pico-sdk/lib/tinyusb/src/portable/raspberrypi/rp2040/dcd_rp2040.c.obj
 .text.hw_handle_buff_status
                0x1000472c       0x8c CMakeFiles/rtos_blink.dir/C_/Pico/pico-sdk/lib/tinyusb/src/portable/raspberrypi/rp2040/dcd_rp2040.c.obj
 .text.dcd_rp2040_irq
                0x100047b8       0xc0 CMakeFiles/rtos_blink.dir/C_/Pico/pico-sdk/lib/tinyusb/src/portable/raspberrypi/rp2040/dcd_rp2040.c.obj
 .text.hw_endpoint_xfer
                0x10004878       0x14 CMakeFiles/rtos_blink.dir/C_/Pico/pico-sdk/lib/tinyusb/src/portable/raspberrypi/rp2040/dcd_rp2040.c.obj
 .text.dcd_int_enable
                0x1000488c       0x2c CMakeFiles/rtos_blink.dir/C_/Pico/pico-sdk/lib/tinyusb/src/portable/raspberrypi/rp2040/dcd_rp2040.c.obj
                0x1000488c                dcd_int_enable
 .text.dcd_set_address
                0x100048b8       0x2c CMakeFiles/rtos_blink.dir/C_/Pico/pico-sdk/lib/tinyusb/src/portable/raspberrypi/rp2040/dcd_rp2040.c.obj
                0x100048b8                dcd_set_address
 .text.dcd_connect
                0x100048e4       0x10 CMakeFiles/rtos_blink.dir/C_/Pico/pico-sdk/lib/tinyusb/src/portable/raspberrypi/rp2040/dcd_rp2040.c.obj
                0x100048e4                dcd_connect
 .text.dcd_init
                0x100048f4       0x7c CMakeFiles/rtos_blink.dir/C_/Pico/pico-sdk/lib/tinyusb/src/portable/raspberrypi/rp2040/dcd_rp2040.c.obj
                0x100048f4                dcd_init
 .text.dcd_edpt0_status_complete
                0x10004970       0x1c CMakeFiles/rtos_blink.dir/C_/Pico/pico-sdk/lib/tinyusb/src/portable/raspberrypi/rp2040/dcd_rp2040.c.obj
                0x10004970                dcd_edpt0_status_complete
 .text.dcd_edpt_open
                0x1000498c       0x40 CMakeFiles/rtos_blink.dir/C_/Pico/pico-sdk/lib/tinyusb/src/portable/raspberrypi/rp2040/dcd_rp2040.c.obj
                0x1000498c                dcd_edpt_open
 .text.dcd_edpt_close_all
                0x100049cc        0x8 CMakeFiles/rtos_blink.dir/C_/Pico/pico-sdk/lib/tinyusb/src/portable/raspberrypi/rp2040/dcd_rp2040.c.obj
                0x100049cc                dcd_edpt_close_all
 .text.dcd_edpt_xfer
                0x100049d4       0x30 CMakeFiles/rtos_blink.dir/C_/Pico/pico-sdk/lib/tinyusb/src/portable/raspberrypi/rp2040/dcd_rp2040.c.obj
                0x100049d4                dcd_edpt_xfer
 .text.dcd_edpt_stall
                0x10004a04       0x2c CMakeFiles/rtos_blink.dir/C_/Pico/pico-sdk/lib/tinyusb/src/portable/raspberrypi/rp2040/dcd_rp2040.c.obj
                0x10004a04                dcd_edpt_stall
 .text.dcd_edpt_clear_stall
                0x10004a30       0x20 CMakeFiles/rtos_blink.dir/C_/Pico/pico-sdk/lib/tinyusb/src/portable/raspberrypi/rp2040/dcd_rp2040.c.obj
                0x10004a30                dcd_edpt_clear_stall
 .text.prepare_ep_buffer
                0x10004a50       0x70 CMakeFiles/rtos_blink.dir/C_/Pico/pico-sdk/lib/tinyusb/src/portable/raspberrypi/rp2040/rp2040_usb.c.obj
 .text.sync_ep_buffer
                0x10004ac0       0x7c CMakeFiles/rtos_blink.dir/C_/Pico/pico-sdk/lib/tinyusb/src/portable/raspberrypi/rp2040/rp2040_usb.c.obj
 .text._hw_endpoint_xfer_sync
                0x10004b3c       0x28 CMakeFiles/rtos_blink.dir/C_/Pico/pico-sdk/lib/tinyusb/src/portable/raspberrypi/rp2040/rp2040_usb.c.obj
 .text.rp2040_usb_init
                0x10004b64       0x4c CMakeFiles/rtos_blink.dir/C_/Pico/pico-sdk/lib/tinyusb/src/portable/raspberrypi/rp2040/rp2040_usb.c.obj
                0x10004b64                rp2040_usb_init
 .text.hw_endpoint_reset_transfer
                0x10004bb0        0xc CMakeFiles/rtos_blink.dir/C_/Pico/pico-sdk/lib/tinyusb/src/portable/raspberrypi/rp2040/rp2040_usb.c.obj
                0x10004bb0                hw_endpoint_reset_transfer
 .text._hw_endpoint_buffer_control_update32
                0x10004bbc       0x58 CMakeFiles/rtos_blink.dir/C_/Pico/pico-sdk/lib/tinyusb/src/portable/raspberrypi/rp2040/rp2040_usb.c.obj
                0x10004bbc                _hw_endpoint_buffer_control_update32
 .text._hw_endpoint_start_next_buffer
                0x10004c14       0x74 CMakeFiles/rtos_blink.dir/C_/Pico/pico-sdk/lib/tinyusb/src/portable/raspberrypi/rp2040/rp2040_usb.c.obj
 .text.hw_endpoint_xfer_start
                0x10004c88       0x48 CMakeFiles/rtos_blink.dir/C_/Pico/pico-sdk/lib/tinyusb/src/portable/raspberrypi/rp2040/rp2040_usb.c.obj
                0x10004c88                hw_endpoint_xfer_start
 .text.hw_endpoint_xfer_continue
                0x10004cd0       0x38 CMakeFiles/rtos_blink.dir/C_/Pico/pico-sdk/lib/tinyusb/src/portable/raspberrypi/rp2040/rp2040_usb.c.obj
                0x10004cd0                hw_endpoint_xfer_continue
 .text.configuration_reset
                0x10004d08       0x84 CMakeFiles/rtos_blink.dir/C_/Pico/pico-sdk/lib/tinyusb/src/device/usbd.c.obj
 .text.usbd_reset
                0x10004d8c        0xc CMakeFiles/rtos_blink.dir/C_/Pico/pico-sdk/lib/tinyusb/src/device/usbd.c.obj
 .text.invoke_class_control
                0x10004d98       0x1a CMakeFiles/rtos_blink.dir/C_/Pico/pico-sdk/lib/tinyusb/src/device/usbd.c.obj
 *fill*         0x10004db2        0x2 
 .text.process_set_config
                0x10004db4      0x1b0 CMakeFiles/rtos_blink.dir/C_/Pico/pico-sdk/lib/tinyusb/src/device/usbd.c.obj
 .text.process_get_descriptor
                0x10004f64       0xec CMakeFiles/rtos_blink.dir/C_/Pico/pico-sdk/lib/tinyusb/src/device/usbd.c.obj
 .text.tud_mounted
                0x10005050       0x10 CMakeFiles/rtos_blink.dir/C_/Pico/pico-sdk/lib/tinyusb/src/device/usbd.c.obj
                0x10005050                tud_mounted
 .text.tud_suspended
                0x10005060       0x10 CMakeFiles/rtos_blink.dir/C_/Pico/pico-sdk/lib/tinyusb/src/device/usbd.c.obj
                0x10005060                tud_suspended
 .text.tud_inited
                0x10005070        0xc CMakeFiles/rtos_blink.dir/C_/Pico/pico-sdk/lib/tinyusb/src/device/usbd.c.obj
                0x10005070                tud_inited
 .text.tud_init
                0x1000507c       0xcc CMakeFiles/rtos_blink.dir/C_/Pico/pico-sdk/lib/tinyusb/src/device/usbd.c.obj
                0x1000507c                tud_init
 .text.dcd_event_handler
                0x10005148      0x1e0 CMakeFiles/rtos_blink.dir/C_/Pico/pico-sdk/lib/tinyusb/src/device/usbd.c.obj
                0x10005148                dcd_event_handler
 .text.dcd_event_bus_signal
                0x10005328       0x26 CMakeFiles/rtos_blink.dir/C_/Pico/pico-sdk/lib/tinyusb/src/device/usbd.c.obj
                0x10005328                dcd_event_bus_signal
 .text.dcd_event_bus_reset
                0x1000534e       0x2a CMakeFiles/rtos_blink.dir/C_/Pico/pico-sdk/lib/tinyusb/src/device/usbd.c.obj
                0x1000534e                dcd_event_bus_reset
 .text.dcd_event_setup_received
                0x10005378       0x34 CMakeFiles/rtos_blink.dir/C_/Pico/pico-sdk/lib/tinyusb/src/device/usbd.c.obj
                0x10005378                dcd_event_setup_received
 .text.dcd_event_xfer_complete
                0x100053ac       0x44 CMakeFiles/rtos_blink.dir/C_/Pico/pico-sdk/lib/tinyusb/src/device/usbd.c.obj
                0x100053ac                dcd_event_xfer_complete
 .text.usbd_edpt_open
                0x100053f0       0x58 CMakeFiles/rtos_blink.dir/C_/Pico/pico-sdk/lib/tinyusb/src/device/usbd.c.obj
                0x100053f0                usbd_edpt_open
 .text.usbd_open_edpt_pair
                0x10005448       0x8c CMakeFiles/rtos_blink.dir/C_/Pico/pico-sdk/lib/tinyusb/src/device/usbd.c.obj
                0x10005448                usbd_open_edpt_pair
 .text.usbd_edpt_claim
                0x100054d4       0x8c CMakeFiles/rtos_blink.dir/C_/Pico/pico-sdk/lib/tinyusb/src/device/usbd.c.obj
                0x100054d4                usbd_edpt_claim
 .text.usbd_edpt_release
                0x10005560       0x68 CMakeFiles/rtos_blink.dir/C_/Pico/pico-sdk/lib/tinyusb/src/device/usbd.c.obj
                0x10005560                usbd_edpt_release
 .text.usbd_edpt_xfer
                0x100055c8       0x80 CMakeFiles/rtos_blink.dir/C_/Pico/pico-sdk/lib/tinyusb/src/device/usbd.c.obj
                0x100055c8                usbd_edpt_xfer
 .text.usbd_edpt_stall
                0x10005648       0x40 CMakeFiles/rtos_blink.dir/C_/Pico/pico-sdk/lib/tinyusb/src/device/usbd.c.obj
                0x10005648                usbd_edpt_stall
 .text.usbd_edpt_clear_stall
                0x10005688       0x40 CMakeFiles/rtos_blink.dir/C_/Pico/pico-sdk/lib/tinyusb/src/device/usbd.c.obj
                0x10005688                usbd_edpt_clear_stall
 .text.usbd_edpt_stalled
                0x100056c8       0x1c CMakeFiles/rtos_blink.dir/C_/Pico/pico-sdk/lib/tinyusb/src/device/usbd.c.obj
                0x100056c8                usbd_edpt_stalled
 .text.process_control_request
                0x100056e4      0x3b8 CMakeFiles/rtos_blink.dir/C_/Pico/pico-sdk/lib/tinyusb/src/device/usbd.c.obj
 .text.tud_task
                0x10005a9c      0x218 CMakeFiles/rtos_blink.dir/C_/Pico/pico-sdk/lib/tinyusb/src/device/usbd.c.obj
                0x10005a9c                tud_task
 .text._data_stage_xact
                0x10005cb4       0x58 CMakeFiles/rtos_blink.dir/C_/Pico/pico-sdk/lib/tinyusb/src/device/usbd_control.c.obj
 .text.tud_control_status
                0x10005d0c       0x38 CMakeFiles/rtos_blink.dir/C_/Pico/pico-sdk/lib/tinyusb/src/device/usbd_control.c.obj
                0x10005d0c                tud_control_status
 .text.tud_control_xfer
                0x10005d44       0xa8 CMakeFiles/rtos_blink.dir/C_/Pico/pico-sdk/lib/tinyusb/src/device/usbd_control.c.obj
                0x10005d44                tud_control_xfer
 .text.usbd_control_reset
                0x10005dec       0x14 CMakeFiles/rtos_blink.dir/C_/Pico/pico-sdk/lib/tinyusb/src/device/usbd_control.c.obj
                0x10005dec                usbd_control_reset
 .text.usbd_control_set_complete_callback
                0x10005e00        0xc CMakeFiles/rtos_blink.dir/C_/Pico/pico-sdk/lib/tinyusb/src/device/usbd_control.c.obj
                0x10005e00                usbd_control_set_complete_callback
 .text.usbd_control_set_request
                0x10005e0c       0x1c CMakeFiles/rtos_blink.dir/C_/Pico/pico-sdk/lib/tinyusb/src/device/usbd_control.c.obj
                0x10005e0c                usbd_control_set_request
 .text.usbd_control_xfer_cb
                0x10005e28       0xfc CMakeFiles/rtos_blink.dir/C_/Pico/pico-sdk/lib/tinyusb/src/device/usbd_control.c.obj
                0x10005e28                usbd_control_xfer_cb
 .text._prep_out_transaction
                0x10005f24       0x46 CMakeFiles/rtos_blink.dir/C_/Pico/pico-sdk/lib/tinyusb/src/class/cdc/cdc_device.c.obj
 *fill*         0x10005f6a        0x2 
 .text.tud_cdc_n_connected
                0x10005f6c       0x44 CMakeFiles/rtos_blink.dir/C_/Pico/pico-sdk/lib/tinyusb/src/class/cdc/cdc_device.c.obj
                0x10005f6c                tud_cdc_n_connected
 .text.tud_cdc_n_available
                0x10005fb0       0x18 CMakeFiles/rtos_blink.dir/C_/Pico/pico-sdk/lib/tinyusb/src/class/cdc/cdc_device.c.obj
                0x10005fb0                tud_cdc_n_available
 .text.tud_cdc_n_read
                0x10005fc8       0x28 CMakeFiles/rtos_blink.dir/C_/Pico/pico-sdk/lib/tinyusb/src/class/cdc/cdc_device.c.obj
                0x10005fc8                tud_cdc_n_read
 .text.tud_cdc_n_write_flush
                0x10005ff0       0xcc CMakeFiles/rtos_blink.dir/C_/Pico/pico-sdk/lib/tinyusb/src/class/cdc/cdc_device.c.obj
                0x10005ff0                tud_cdc_n_write_flush
 .text.tud_cdc_n_write
                0x100060bc       0x38 CMakeFiles/rtos_blink.dir/C_/Pico/pico-sdk/lib/tinyusb/src/class/cdc/cdc_device.c.obj
                0x100060bc                tud_cdc_n_write
 .text.tud_cdc_n_write_available
                0x100060f4       0x1c CMakeFiles/rtos_blink.dir/C_/Pico/pico-sdk/lib/tinyusb/src/class/cdc/cdc_device.c.obj
                0x100060f4                tud_cdc_n_write_available
 .text.cdcd_init
                0x10006110       0xbc CMakeFiles/rtos_blink.dir/C_/Pico/pico-sdk/lib/tinyusb/src/class/cdc/cdc_device.c.obj
                0x10006110                cdcd_init
 .text.cdcd_reset
                0x100061cc       0x44 CMakeFiles/rtos_blink.dir/C_/Pico/pico-sdk/lib/tinyusb/src/class/cdc/cdc_device.c.obj
                0x100061cc                cdcd_reset
 .text.cdcd_open
                0x10006210       0xf8 CMakeFiles/rtos_blink.dir/C_/Pico/pico-sdk/lib/tinyusb/src/class/cdc/cdc_device.c.obj
                0x10006210                cdcd_open
 .text.cdcd_control_xfer_cb
                0x10006308      0x134 CMakeFiles/rtos_blink.dir/C_/Pico/pico-sdk/lib/tinyusb/src/class/cdc/cdc_device.c.obj
                0x10006308                cdcd_control_xfer_cb
 .text.cdcd_xfer_cb
                0x1000643c      0x144 CMakeFiles/rtos_blink.dir/C_/Pico/pico-sdk/lib/tinyusb/src/class/cdc/cdc_device.c.obj
                0x1000643c                cdcd_xfer_cb
 .text.tusb_init
                0x10006580       0x24 CMakeFiles/rtos_blink.dir/C_/Pico/pico-sdk/lib/tinyusb/src/tusb.c.obj
                0x10006580                tusb_init
 .text.tusb_inited
                0x100065a4        0xe CMakeFiles/rtos_blink.dir/C_/Pico/pico-sdk/lib/tinyusb/src/tusb.c.obj
                0x100065a4                tusb_inited
 *fill*         0x100065b2        0x2 
 .text.tu_edpt_validate
                0x100065b4       0xa8 CMakeFiles/rtos_blink.dir/C_/Pico/pico-sdk/lib/tinyusb/src/tusb.c.obj
                0x100065b4                tu_edpt_validate
 .text.tu_edpt_bind_driver
                0x1000665c       0x2a CMakeFiles/rtos_blink.dir/C_/Pico/pico-sdk/lib/tinyusb/src/tusb.c.obj
                0x1000665c                tu_edpt_bind_driver
 .text.advance_pointer
                0x10006686       0x18 CMakeFiles/rtos_blink.dir/C_/Pico/pico-sdk/lib/tinyusb/src/common/tusb_fifo.c.obj
 .text.backward_pointer
                0x1000669e       0x1e CMakeFiles/rtos_blink.dir/C_/Pico/pico-sdk/lib/tinyusb/src/common/tusb_fifo.c.obj
 .text.get_relative_pointer
                0x100066bc       0x10 CMakeFiles/rtos_blink.dir/C_/Pico/pico-sdk/lib/tinyusb/src/common/tusb_fifo.c.obj
 .text._tu_fifo_peek
                0x100066cc       0x50 CMakeFiles/rtos_blink.dir/C_/Pico/pico-sdk/lib/tinyusb/src/common/tusb_fifo.c.obj
 .text._ff_pull_const_addr
                0x1000671c       0x4c CMakeFiles/rtos_blink.dir/C_/Pico/pico-sdk/lib/tinyusb/src/common/tusb_fifo.c.obj
 .text._ff_pull_n
                0x10006768      0x10c CMakeFiles/rtos_blink.dir/C_/Pico/pico-sdk/lib/tinyusb/src/common/tusb_fifo.c.obj
 .text._tu_fifo_peek_n
                0x10006874       0x5e CMakeFiles/rtos_blink.dir/C_/Pico/pico-sdk/lib/tinyusb/src/common/tusb_fifo.c.obj
 .text._tu_fifo_read_n
                0x100068d2       0x4e CMakeFiles/rtos_blink.dir/C_/Pico/pico-sdk/lib/tinyusb/src/common/tusb_fifo.c.obj
 .text._ff_push_const_addr
                0x10006920       0x40 CMakeFiles/rtos_blink.dir/C_/Pico/pico-sdk/lib/tinyusb/src/common/tusb_fifo.c.obj
 .text._ff_push_n
                0x10006960      0x108 CMakeFiles/rtos_blink.dir/C_/Pico/pico-sdk/lib/tinyusb/src/common/tusb_fifo.c.obj
 .text._tu_fifo_write_n
                0x10006a68       0x9e CMakeFiles/rtos_blink.dir/C_/Pico/pico-sdk/lib/tinyusb/src/common/tusb_fifo.c.obj
 .text.tu_fifo_config
                0x10006b06       0x72 CMakeFiles/rtos_blink.dir/C_/Pico/pico-sdk/lib/tinyusb/src/common/tusb_fifo.c.obj
                0x10006b06                tu_fifo_config
 .text.tu_fifo_count
                0x10006b78       0x26 CMakeFiles/rtos_blink.dir/C_/Pico/pico-sdk/lib/tinyusb/src/common/tusb_fifo.c.obj
                0x10006b78                tu_fifo_count
 .text.tu_fifo_empty
                0x10006b9e       0x10 CMakeFiles/rtos_blink.dir/C_/Pico/pico-sdk/lib/tinyusb/src/common/tusb_fifo.c.obj
                0x10006b9e                tu_fifo_empty
 .text.tu_fifo_remaining
                0x10006bae       0x20 CMakeFiles/rtos_blink.dir/C_/Pico/pico-sdk/lib/tinyusb/src/common/tusb_fifo.c.obj
                0x10006bae                tu_fifo_remaining
 .text.tu_fifo_read
                0x10006bce       0x42 CMakeFiles/rtos_blink.dir/C_/Pico/pico-sdk/lib/tinyusb/src/common/tusb_fifo.c.obj
                0x10006bce                tu_fifo_read
 .text.tu_fifo_read_n
                0x10006c10        0xa CMakeFiles/rtos_blink.dir/C_/Pico/pico-sdk/lib/tinyusb/src/common/tusb_fifo.c.obj
                0x10006c10                tu_fifo_read_n
 .text.tu_fifo_write
                0x10006c1a       0x6c CMakeFiles/rtos_blink.dir/C_/Pico/pico-sdk/lib/tinyusb/src/common/tusb_fifo.c.obj
                0x10006c1a                tu_fifo_write
 .text.tu_fifo_write_n
                0x10006c86        0xa CMakeFiles/rtos_blink.dir/C_/Pico/pico-sdk/lib/tinyusb/src/common/tusb_fifo.c.obj
                0x10006c86                tu_fifo_write_n
 .text.tu_fifo_clear
                0x10006c90       0x4c CMakeFiles/rtos_blink.dir/C_/Pico/pico-sdk/lib/tinyusb/src/common/tusb_fifo.c.obj
                0x10006c90                tu_fifo_clear
 .text.tu_fifo_set_overwritable
                0x10006cdc       0x3c CMakeFiles/rtos_blink.dir/C_/Pico/pico-sdk/lib/tinyusb/src/common/tusb_fifo.c.obj
                0x10006cdc                tu_fifo_set_overwritable
 .text._retrieve_unique_id_on_boot
                0x10006d18       0x10 CMakeFiles/rtos_blink.dir/C_/Pico/pico-sdk/src/rp2_common/pico_unique_id/unique_id.c.obj
 .text.pico_get_unique_board_id_string
                0x10006d28       0x60 CMakeFiles/rtos_blink.dir/C_/Pico/pico-sdk/src/rp2_common/pico_unique_id/unique_id.c.obj
                0x10006d28                pico_get_unique_board_id_string
 .text.flash_get_unique_id
                0x10006d88       0x46 CMakeFiles/rtos_blink.dir/C_/Pico/pico-sdk/src/rp2_common/hardware_flash/flash.c.obj
                0x10006d88                flash_get_unique_id
 *fill*         0x10006dce        0x2 
 .text          0x10006dd0     0x1260 libFreeRTOS.a(tasks.c.obj)
                0x100070bc                xTaskCreate
                0x1000711c                vTaskDelete
                0x100071a0                uxTaskPriorityGet
                0x100071c0                uxTaskPriorityGetFromISR
                0x100071e0                vTaskPrioritySet
                0x100072b0                vTaskResume
                0x10007334                xTaskResumeFromISR
                0x100073d0                vTaskStartScheduler
                0x10007424                vTaskEndScheduler
                0x10007438                vTaskSuspendAll
                0x10007448                xTaskGetTickCount
                0x10007454                xTaskGetTickCountFromISR
                0x10007460                uxTaskGetNumberOfTasks
                0x1000746c                pcTaskGetName
                0x10007480                xTaskIncrementTick
                0x100075ac                xTaskResumeAll
                0x100076cc                xTaskDelayUntil
                0x1000772c                vTaskDelay
                0x1000774c                xTaskCatchUpTicks
                0x10007768                vTaskSwitchContext
                0x100077e0                vTaskSuspend
                0x10007884                vTaskPlaceOnEventList
                0x100078a0                vTaskPlaceOnUnorderedEventList
                0x100078e0                xTaskRemoveFromEventList
                0x100079b4                vTaskRemoveFromUnorderedEventList
                0x10007a64                vTaskSetTimeOutState
                0x10007a80                vTaskInternalSetTimeOutState
                0x10007a90                xTaskCheckForTimeOut
                0x10007ae8                vTaskMissedYield
                0x10007af4                vTaskSetThreadLocalStoragePointer
                0x10007b10                pvTaskGetThreadLocalStoragePointer
                0x10007b30                xTaskGetCurrentTaskHandle
                0x10007b3c                xTaskGetSchedulerState
                0x10007b5c                uxTaskResetEventItemValue
                0x10007b74                ulTaskGenericNotifyTake
                0x10007c00                xTaskGenericNotifyWait
                0x10007ca0                xTaskGenericNotify
                0x10007da8                xTaskGenericNotifyFromISR
                0x10007eec                vTaskGenericNotifyGiveFromISR
                0x10007fc8                xTaskGenericNotifyStateClear
                0x10008000                ulTaskGenericNotifyValueClear
 .text          0x10008030       0x86 libFreeRTOS.a(list.c.obj)
                0x10008030                vListInitialise
                0x10008046                vListInitialiseItem
                0x1000804c                vListInsertEnd
                0x10008062                vListInsert
                0x10008090                uxListRemove
 *fill*         0x100080b6        0xa 
 .text          0x100080c0      0x18c libFreeRTOS.a(port.c.obj)
                0x10008104                pxPortInitialiseStack
                0x10008124                isr_svcall
                0x10008126                vPortEndScheduler
                0x10008128                vPortYield
                0x10008140                vPortEnterCritical
                0x10008158                vPortExitCritical
                0x1000816c                ulSetInterruptMaskFromISR
                0x10008174                vClearInterruptMaskFromISR
                0x1000817a                isr_pendsv
                0x100081c4                isr_systick
                0x100081e8                vPortSetupTimerInterrupt
                0x10008210                xPortStartScheduler
 .text          0x1000824c      0x238 libFreeRTOS.a(heap_4.c.obj)
                0x100082ec                pvPortMalloc
                0x100083b8                vPortFree
                0x10008400                xPortGetFreeHeapSize
                0x1000840c                xPortGetMinimumEverFreeHeapSize
                0x10008418                vPortInitialiseBlocks
                0x1000841a                vPortGetHeapStats
 .text.strlen   0x10008484       0x5c c:/progra~2/gnuarm~1/102021~1.10/bin/../lib/gcc/arm-none-eabi/10.3.1/../../../../arm-none-eabi/lib/thumb/v6-m/nofp\libg.a(lib_a-strlen-stub.o)
                0x10008484                strlen
 *(.fini)
 .fini          0x100084e0        0x4 c:/progra~2/gnuarm~1/102021~1.10/bin/../lib/gcc/arm-none-eabi/10.3.1/thumb/v6-m/nofp/crti.o
                0x100084e0                _fini
 *fill*         0x100084e4        0x4 
 .fini.__stub   0x100084e8       0x70 linker stubs
 *crtbegin.o(.ctors)
 *crtbegin?.o(.ctors)
 *(EXCLUDE_FILE(*crtend.o *crtend?.o) .ctors)
 *(SORT_BY_NAME(.ctors.*))
 *(.ctors)
 *crtbegin.o(.dtors)
 *crtbegin?.o(.dtors)
 *(EXCLUDE_FILE(*crtend.o *crtend?.o) .dtors)
 *(SORT_BY_NAME(.dtors.*))
 *(.dtors)
 *(.eh_frame*)
 .eh_frame      0x10008558        0x0 c:/progra~2/gnuarm~1/102021~1.10/bin/../lib/gcc/arm-none-eabi/10.3.1/thumb/v6-m/nofp/crtbegin.o
                0x10008558                . = ALIGN (0x4)

.glue_7         0x10008558        0x0
 .glue_7        0x10008558        0x0 linker stubs

.glue_7t        0x10008558        0x0
 .glue_7t       0x10008558        0x0 linker stubs

.vfp11_veneer   0x10008558        0x0
 .vfp11_veneer  0x10008558        0x0 linker stubs

.v4_bx          0x10008558        0x0
 .v4_bx         0x10008558        0x0 linker stubs

.iplt           0x10008558        0x0
 .iplt          0x10008558        0x0 c:/progra~2/gnuarm~1/102021~1.10/bin/../lib/gcc/arm-none-eabi/10.3.1/thumb/v6-m/nofp/crtbegin.o

.rodata         0x10008558     0x14c8
 *(EXCLUDE_FILE(*libm.a: *libc.a:*lib_a-mem*.o *libgcc.a:) .rodata*)
 .rodata.main.str1.4
                0x10008558       0x19 CMakeFiles/rtos_blink.dir/src/rtos_blink.c.obj
 *fill*         0x10008571        0x3 
 .rodata.spin_lock_claim_unused.str1.4
                0x10008574       0x1b CMakeFiles/rtos_blink.dir/C_/Pico/pico-sdk/src/rp2_common/hardware_sync/sync.c.obj
 *fill*         0x1000858f        0x1 
 .rodata.repeating_timer_callback.str1.4
                0x10008590       0x41 CMakeFiles/rtos_blink.dir/C_/Pico/pico-sdk/src/common/pico_time/time.c.obj
 *fill*         0x100085d1        0x3 
 .rodata.alarm_pool_dump_key.str1.4
                0x100085d4       0x33 CMakeFiles/rtos_blink.dir/C_/Pico/pico-sdk/src/common/pico_time/time.c.obj
 *fill*         0x10008607        0x1 
 .rodata.ph_add_child_node.str1.4
                0x10008608       0x8a CMakeFiles/rtos_blink.dir/C_/Pico/pico-sdk/src/common/pico_time/time.c.obj
 *fill*         0x10008692        0x2 
 .rodata.add_alarm_under_lock.str1.4
                0x10008694       0x28 CMakeFiles/rtos_blink.dir/C_/Pico/pico-sdk/src/common/pico_time/time.c.obj
                                 0x2b (size before relaxing)
 .rodata.alarm_pool_alarm_callback.str1.4
                0x100086bc       0xda CMakeFiles/rtos_blink.dir/C_/Pico/pico-sdk/src/common/pico_time/time.c.obj
 *fill*         0x10008796        0x2 
 .rodata.alarm_pool_get_default.str1.4
                0x10008798       0x21 CMakeFiles/rtos_blink.dir/C_/Pico/pico-sdk/src/common/pico_time/time.c.obj
 *fill*         0x100087b9        0x3 
 .rodata.alarm_pool_cancel_alarm.str1.4
                0x100087bc       0x27 CMakeFiles/rtos_blink.dir/C_/Pico/pico-sdk/src/common/pico_time/time.c.obj
 *fill*         0x100087e3        0x1 
 .rodata.__func__.1
                0x100087e4       0x18 CMakeFiles/rtos_blink.dir/C_/Pico/pico-sdk/src/common/pico_time/time.c.obj
 .rodata.__func__.10
                0x100087fc       0x15 CMakeFiles/rtos_blink.dir/C_/Pico/pico-sdk/src/common/pico_time/time.c.obj
 *fill*         0x10008811        0x3 
 .rodata.__func__.11
                0x10008814       0x1a CMakeFiles/rtos_blink.dir/C_/Pico/pico-sdk/src/common/pico_time/time.c.obj
 *fill*         0x1000882e        0x2 
 .rodata.__func__.12
                0x10008830        0xa CMakeFiles/rtos_blink.dir/C_/Pico/pico-sdk/src/common/pico_time/time.c.obj
 *fill*         0x1000883a        0x2 
 .rodata.__func__.3
                0x1000883c       0x17 CMakeFiles/rtos_blink.dir/C_/Pico/pico-sdk/src/common/pico_time/time.c.obj
 *fill*         0x10008853        0x1 
 .rodata.__func__.4
                0x10008854       0x12 CMakeFiles/rtos_blink.dir/C_/Pico/pico-sdk/src/common/pico_time/time.c.obj
 *fill*         0x10008866        0x2 
 .rodata.__func__.5
                0x10008868        0xd CMakeFiles/rtos_blink.dir/C_/Pico/pico-sdk/src/common/pico_time/time.c.obj
 *fill*         0x10008875        0x3 
 .rodata.__func__.6
                0x10008878       0x12 CMakeFiles/rtos_blink.dir/C_/Pico/pico-sdk/src/common/pico_time/time.c.obj
 *fill*         0x1000888a        0x2 
 .rodata.__func__.7
                0x1000888c        0xf CMakeFiles/rtos_blink.dir/C_/Pico/pico-sdk/src/common/pico_time/time.c.obj
 *fill*         0x1000889b        0x1 
 .rodata.__func__.8
                0x1000889c        0xc CMakeFiles/rtos_blink.dir/C_/Pico/pico-sdk/src/common/pico_time/time.c.obj
 .rodata.__func__.9
                0x100088a8       0x15 CMakeFiles/rtos_blink.dir/C_/Pico/pico-sdk/src/common/pico_time/time.c.obj
 *fill*         0x100088bd        0x3 
 .rodata.hardware_alarm_claim.str1.4
                0x100088c0       0x22 CMakeFiles/rtos_blink.dir/C_/Pico/pico-sdk/src/rp2_common/hardware_timer/timer.c.obj
 *fill*         0x100088e2        0x2 
 .rodata.hardware_alarm_set_target.str1.4
                0x100088e4       0x5b CMakeFiles/rtos_blink.dir/C_/Pico/pico-sdk/src/rp2_common/hardware_timer/timer.c.obj
 *fill*         0x1000893f        0x1 
 .rodata.__func__.0
                0x10008940       0x1a CMakeFiles/rtos_blink.dir/C_/Pico/pico-sdk/src/rp2_common/hardware_timer/timer.c.obj
 *fill*         0x1000895a        0x2 
 .rodata.str1.4
                0x1000895c       0x81 CMakeFiles/rtos_blink.dir/C_/Pico/pico-sdk/src/common/pico_sync/mutex.c.obj
                                 0xd9 (size before relaxing)
 *fill*         0x100089dd        0x3 
 .rodata.__func__.1
                0x100089e0        0xb CMakeFiles/rtos_blink.dir/C_/Pico/pico-sdk/src/common/pico_sync/mutex.c.obj
 *fill*         0x100089eb        0x1 
 .rodata.__func__.3
                0x100089ec       0x18 CMakeFiles/rtos_blink.dir/C_/Pico/pico-sdk/src/common/pico_sync/mutex.c.obj
 .rodata.__func__.4
                0x10008a04       0x15 CMakeFiles/rtos_blink.dir/C_/Pico/pico-sdk/src/common/pico_sync/mutex.c.obj
 .rodata.ph_add_child_node.str1.4
                0x10008a19       0x8a CMakeFiles/rtos_blink.dir/C_/Pico/pico-sdk/src/common/pico_util/pheap.c.obj
 *fill*         0x10008a19        0x3 
 .rodata.ph_remove_any_head.str1.4
                0x10008a1c       0x84 CMakeFiles/rtos_blink.dir/C_/Pico/pico-sdk/src/common/pico_util/pheap.c.obj
 .rodata.ph_remove_and_free_node.str1.4
                0x10008aa0       0x26 CMakeFiles/rtos_blink.dir/C_/Pico/pico-sdk/src/common/pico_util/pheap.c.obj
 *fill*         0x10008ac6        0x2 
 .rodata.__func__.0
                0x10008ac8       0x18 CMakeFiles/rtos_blink.dir/C_/Pico/pico-sdk/src/common/pico_util/pheap.c.obj
 .rodata.__func__.1
                0x10008ae0       0x13 CMakeFiles/rtos_blink.dir/C_/Pico/pico-sdk/src/common/pico_util/pheap.c.obj
 *fill*         0x10008af3        0x1 
 .rodata.__func__.2
                0x10008af4       0x12 CMakeFiles/rtos_blink.dir/C_/Pico/pico-sdk/src/common/pico_util/pheap.c.obj
 *fill*         0x10008b06        0x2 
 .rodata.__func__.3
                0x10008b08        0xc CMakeFiles/rtos_blink.dir/C_/Pico/pico-sdk/src/common/pico_util/pheap.c.obj
 .rodata.__assert_func.str1.4
                0x10008b14       0x3f CMakeFiles/rtos_blink.dir/C_/Pico/pico-sdk/src/rp2_common/pico_runtime/runtime.c.obj
                                 0x43 (size before relaxing)
 *fill*         0x10008b53        0x1 
 .rodata.runtime_init.str1.4
                0x10008b54       0x57 CMakeFiles/rtos_blink.dir/C_/Pico/pico-sdk/src/rp2_common/pico_runtime/runtime.c.obj
 *fill*         0x10008bab        0x1 
 .rodata.panic.str1.4
                0x10008bac       0x12 CMakeFiles/rtos_blink.dir/C_/Pico/pico-sdk/src/rp2_common/pico_runtime/runtime.c.obj
 *fill*         0x10008bbe        0x2 
 .rodata.__func__.1
                0x10008bc0        0xd CMakeFiles/rtos_blink.dir/C_/Pico/pico-sdk/src/rp2_common/pico_runtime/runtime.c.obj
 *fill*         0x10008bcd        0x3 
 .rodata.clock_configure.str1.4
                0x10008bd0       0x4d CMakeFiles/rtos_blink.dir/C_/Pico/pico-sdk/src/rp2_common/hardware_clocks/clocks.c.obj
 *fill*         0x10008c1d        0x3 
 .rodata.__func__.1
                0x10008c20       0x10 CMakeFiles/rtos_blink.dir/C_/Pico/pico-sdk/src/rp2_common/hardware_clocks/clocks.c.obj
 .rodata.make_branch.str1.4
                0x10008c30       0x43 CMakeFiles/rtos_blink.dir/C_/Pico/pico-sdk/src/rp2_common/hardware_irq/irq.c.obj
 *fill*         0x10008c73        0x1 
 .rodata.irq_set_exclusive_handler.str1.4
                0x10008c74       0x36 CMakeFiles/rtos_blink.dir/C_/Pico/pico-sdk/src/rp2_common/hardware_irq/irq.c.obj
 *fill*         0x10008caa        0x2 
 .rodata.irq_add_shared_handler.str1.4
                0x10008cac       0xd9 CMakeFiles/rtos_blink.dir/C_/Pico/pico-sdk/src/rp2_common/hardware_irq/irq.c.obj
 *fill*         0x10008d85        0x3 
 .rodata.irq_remove_handler.str1.4
                0x10008d88       0x2a CMakeFiles/rtos_blink.dir/C_/Pico/pico-sdk/src/rp2_common/hardware_irq/irq.c.obj
 *fill*         0x10008db2        0x2 
 .rodata.irq_add_tail_to_free_list.str1.4
                0x10008db4       0x32 CMakeFiles/rtos_blink.dir/C_/Pico/pico-sdk/src/rp2_common/hardware_irq/irq.c.obj
                                 0x3a (size before relaxing)
 *fill*         0x10008de6        0x2 
 .rodata.__func__.0
                0x10008de8       0x1a CMakeFiles/rtos_blink.dir/C_/Pico/pico-sdk/src/rp2_common/hardware_irq/irq.c.obj
 *fill*         0x10008e02        0x2 
 .rodata.__func__.1
                0x10008e04       0x17 CMakeFiles/rtos_blink.dir/C_/Pico/pico-sdk/src/rp2_common/hardware_irq/irq.c.obj
 *fill*         0x10008e1b        0x1 
 .rodata.__func__.2
                0x10008e1c       0x13 CMakeFiles/rtos_blink.dir/C_/Pico/pico-sdk/src/rp2_common/hardware_irq/irq.c.obj
 *fill*         0x10008e2f        0x1 
 .rodata.__func__.3
                0x10008e30        0xc CMakeFiles/rtos_blink.dir/C_/Pico/pico-sdk/src/rp2_common/hardware_irq/irq.c.obj
 .rodata.__func__.4
                0x10008e3c        0xf CMakeFiles/rtos_blink.dir/C_/Pico/pico-sdk/src/rp2_common/hardware_irq/irq.c.obj
 *fill*         0x10008e4b        0x1 
 .rodata.__func__.6
                0x10008e4c       0x1a CMakeFiles/rtos_blink.dir/C_/Pico/pico-sdk/src/rp2_common/hardware_irq/irq.c.obj
 *fill*         0x10008e66        0x2 
 .rodata.pll_init.str1.4
                0x10008e68       0xcf CMakeFiles/rtos_blink.dir/C_/Pico/pico-sdk/src/rp2_common/hardware_pll/pll.c.obj
 *fill*         0x10008f37        0x1 
 .rodata.__func__.0
                0x10008f38        0x9 CMakeFiles/rtos_blink.dir/C_/Pico/pico-sdk/src/rp2_common/hardware_pll/pll.c.obj
 *fill*         0x10008f41        0x3 
 .rodata._ftoa.str1.4
                0x10008f44       0x15 CMakeFiles/rtos_blink.dir/C_/Pico/pico-sdk/src/rp2_common/pico_printf/printf.c.obj
 *fill*         0x10008f59        0x3 
 .rodata._vsnprintf
                0x10008f5c      0x1e0 CMakeFiles/rtos_blink.dir/C_/Pico/pico-sdk/src/rp2_common/pico_printf/printf.c.obj
 *fill*         0x1000913c        0x4 
 .rodata.pow10.0
                0x10009140       0x50 CMakeFiles/rtos_blink.dir/C_/Pico/pico-sdk/src/rp2_common/pico_printf/printf.c.obj
 .rodata.__aeabi_double_init.str1.4
                0x10009190       0x9e CMakeFiles/rtos_blink.dir/C_/Pico/pico-sdk/src/rp2_common/pico_double/double_init_rom.c.obj
 *fill*         0x1000922e        0x2 
 .rodata.__func__.0
                0x10009230       0x14 CMakeFiles/rtos_blink.dir/C_/Pico/pico-sdk/src/rp2_common/pico_double/double_init_rom.c.obj
 .rodata.__aeabi_float_init.str1.4
                0x10009244       0x70 CMakeFiles/rtos_blink.dir/C_/Pico/pico-sdk/src/rp2_common/pico_float/float_init_rom.c.obj
                                 0x74 (size before relaxing)
 .rodata.__func__.0
                0x100092b4       0x13 CMakeFiles/rtos_blink.dir/C_/Pico/pico-sdk/src/rp2_common/pico_float/float_init_rom.c.obj
 *fill*         0x100092c7        0x1 
 .rodata.str1.4
                0x100092c8       0x40 CMakeFiles/rtos_blink.dir/C_/Pico/pico-sdk/src/rp2_common/pico_standard_link/binary_info.c.obj
 .rodata.__bi_44
                0x10009308        0xc CMakeFiles/rtos_blink.dir/C_/Pico/pico-sdk/src/rp2_common/pico_standard_link/binary_info.c.obj
 .rodata.__bi_75
                0x10009314        0xc CMakeFiles/rtos_blink.dir/C_/Pico/pico-sdk/src/rp2_common/pico_standard_link/binary_info.c.obj
 .rodata.__bi_81
                0x10009320        0xc CMakeFiles/rtos_blink.dir/C_/Pico/pico-sdk/src/rp2_common/pico_standard_link/binary_info.c.obj
 .rodata.crlf_str.3
                0x1000932c        0x2 CMakeFiles/rtos_blink.dir/C_/Pico/pico-sdk/src/rp2_common/pico_stdio/stdio.c.obj
 *fill*         0x1000932e        0x2 
 .rodata._resetd_driver
                0x10009330       0x18 CMakeFiles/rtos_blink.dir/C_/Pico/pico-sdk/src/rp2_common/pico_stdio_usb/reset_interface.c.obj
 .rodata.stdio_usb_init.str1.4
                0x10009348       0x57 CMakeFiles/rtos_blink.dir/C_/Pico/pico-sdk/src/rp2_common/pico_stdio_usb/stdio_usb.c.obj
 .rodata.str1.4
                0x10009348       0x13 CMakeFiles/rtos_blink.dir/C_/Pico/pico-sdk/src/rp2_common/pico_stdio_usb/stdio_usb.c.obj
 *fill*         0x1000935b        0x1 
 .rodata.__bi_93.1
                0x1000935c        0xc CMakeFiles/rtos_blink.dir/C_/Pico/pico-sdk/src/rp2_common/pico_stdio_usb/stdio_usb.c.obj
 .rodata.__func__.0
                0x10009368       0x15 CMakeFiles/rtos_blink.dir/C_/Pico/pico-sdk/src/rp2_common/pico_stdio_usb/stdio_usb.c.obj
 *fill*         0x1000937d        0x3 
 .rodata.str1.4
                0x10009380       0x2a CMakeFiles/rtos_blink.dir/C_/Pico/pico-sdk/src/rp2_common/pico_stdio_usb/stdio_usb_descriptors.c.obj
 *fill*         0x100093aa        0x2 
 .rodata.usbd_desc_cfg
                0x100093ac       0x54 CMakeFiles/rtos_blink.dir/C_/Pico/pico-sdk/src/rp2_common/pico_stdio_usb/stdio_usb_descriptors.c.obj
 .rodata.usbd_desc_device
                0x10009400       0x12 CMakeFiles/rtos_blink.dir/C_/Pico/pico-sdk/src/rp2_common/pico_stdio_usb/stdio_usb_descriptors.c.obj
 *fill*         0x10009412        0x2 
 .rodata.usbd_desc_str
                0x10009414       0x18 CMakeFiles/rtos_blink.dir/C_/Pico/pico-sdk/src/rp2_common/pico_stdio_usb/stdio_usb_descriptors.c.obj
 .rodata._hw_endpoint_alloc.str1.4
                0x1000942c       0xad CMakeFiles/rtos_blink.dir/C_/Pico/pico-sdk/lib/tinyusb/src/portable/raspberrypi/rp2040/dcd_rp2040.c.obj
 *fill*         0x100094d9        0x3 
 .rodata.dcd_rp2040_irq.str1.4
                0x100094dc       0x14 CMakeFiles/rtos_blink.dir/C_/Pico/pico-sdk/lib/tinyusb/src/portable/raspberrypi/rp2040/dcd_rp2040.c.obj
 .rodata.dcd_int_enable.str1.4
                0x100094f0        0xc CMakeFiles/rtos_blink.dir/C_/Pico/pico-sdk/lib/tinyusb/src/portable/raspberrypi/rp2040/dcd_rp2040.c.obj
 .rodata.__func__.0
                0x100094fc        0xe CMakeFiles/rtos_blink.dir/C_/Pico/pico-sdk/lib/tinyusb/src/portable/raspberrypi/rp2040/dcd_rp2040.c.obj
 *fill*         0x1000950a        0x2 
 .rodata.__func__.1
                0x1000950c        0xe CMakeFiles/rtos_blink.dir/C_/Pico/pico-sdk/lib/tinyusb/src/portable/raspberrypi/rp2040/dcd_rp2040.c.obj
 *fill*         0x1000951a        0x2 
 .rodata.__func__.3
                0x1000951c       0x10 CMakeFiles/rtos_blink.dir/C_/Pico/pico-sdk/lib/tinyusb/src/portable/raspberrypi/rp2040/dcd_rp2040.c.obj
 .rodata.__func__.5
                0x1000952c        0xf CMakeFiles/rtos_blink.dir/C_/Pico/pico-sdk/lib/tinyusb/src/portable/raspberrypi/rp2040/dcd_rp2040.c.obj
 *fill*         0x1000953b        0x1 
 .rodata.__func__.6
                0x1000953c       0x13 CMakeFiles/rtos_blink.dir/C_/Pico/pico-sdk/lib/tinyusb/src/portable/raspberrypi/rp2040/dcd_rp2040.c.obj
 *fill*         0x1000954f        0x1 
 .rodata.__func__.7
                0x10009550        0x9 CMakeFiles/rtos_blink.dir/C_/Pico/pico-sdk/lib/tinyusb/src/portable/raspberrypi/rp2040/dcd_rp2040.c.obj
 *fill*         0x10009559        0x3 
 .rodata.sync_ep_buffer.str1.4
                0x1000955c       0x89 CMakeFiles/rtos_blink.dir/C_/Pico/pico-sdk/lib/tinyusb/src/portable/raspberrypi/rp2040/rp2040_usb.c.obj
 *fill*         0x100095e5        0x3 
 .rodata._hw_endpoint_buffer_control_update32.str1.4
                0x100095e8       0x1f CMakeFiles/rtos_blink.dir/C_/Pico/pico-sdk/lib/tinyusb/src/portable/raspberrypi/rp2040/rp2040_usb.c.obj
 *fill*         0x10009607        0x1 
 .rodata.hw_endpoint_xfer_start.str1.4
                0x10009608       0x38 CMakeFiles/rtos_blink.dir/C_/Pico/pico-sdk/lib/tinyusb/src/portable/raspberrypi/rp2040/rp2040_usb.c.obj
 .rodata.hw_endpoint_xfer_continue.str1.4
                0x10009640       0x29 CMakeFiles/rtos_blink.dir/C_/Pico/pico-sdk/lib/tinyusb/src/portable/raspberrypi/rp2040/rp2040_usb.c.obj
 *fill*         0x10009669        0x3 
 .rodata.str1.4
                0x1000966c        0x7 CMakeFiles/rtos_blink.dir/C_/Pico/pico-sdk/lib/tinyusb/src/portable/raspberrypi/rp2040/rp2040_usb.c.obj
 *fill*         0x10009673        0x1 
 .rodata.__func__.0
                0x10009674        0xf CMakeFiles/rtos_blink.dir/C_/Pico/pico-sdk/lib/tinyusb/src/portable/raspberrypi/rp2040/rp2040_usb.c.obj
 *fill*         0x10009683        0x1 
 .rodata.process_set_config.str1.4
                0x10009684       0x17 CMakeFiles/rtos_blink.dir/C_/Pico/pico-sdk/lib/tinyusb/src/device/usbd.c.obj
 *fill*         0x1000969b        0x1 
 .rodata.process_get_descriptor
                0x1000969c       0x40 CMakeFiles/rtos_blink.dir/C_/Pico/pico-sdk/lib/tinyusb/src/device/usbd.c.obj
 .rodata.process_control_request
                0x100096dc       0x28 CMakeFiles/rtos_blink.dir/C_/Pico/pico-sdk/lib/tinyusb/src/device/usbd.c.obj
 .rodata.tud_task
                0x10009704       0x24 CMakeFiles/rtos_blink.dir/C_/Pico/pico-sdk/lib/tinyusb/src/device/usbd.c.obj
 .rodata.__func__.2
                0x10009728        0xf CMakeFiles/rtos_blink.dir/C_/Pico/pico-sdk/lib/tinyusb/src/device/usbd.c.obj
 *fill*         0x10009737        0x1 
 .rodata.__func__.3
                0x10009738        0xf CMakeFiles/rtos_blink.dir/C_/Pico/pico-sdk/lib/tinyusb/src/device/usbd.c.obj
 *fill*         0x10009747        0x1 
 .rodata.__func__.4
                0x10009748       0x14 CMakeFiles/rtos_blink.dir/C_/Pico/pico-sdk/lib/tinyusb/src/device/usbd.c.obj
 .rodata.__func__.5
                0x1000975c       0x10 CMakeFiles/rtos_blink.dir/C_/Pico/pico-sdk/lib/tinyusb/src/device/usbd.c.obj
 .rodata.__func__.6
                0x1000976c       0x17 CMakeFiles/rtos_blink.dir/C_/Pico/pico-sdk/lib/tinyusb/src/device/usbd.c.obj
 *fill*         0x10009783        0x1 
 .rodata.__func__.7
                0x10009784       0x13 CMakeFiles/rtos_blink.dir/C_/Pico/pico-sdk/lib/tinyusb/src/device/usbd.c.obj
 *fill*         0x10009797        0x1 
 .rodata.__func__.8
                0x10009798       0x18 CMakeFiles/rtos_blink.dir/C_/Pico/pico-sdk/lib/tinyusb/src/device/usbd.c.obj
 .rodata.__func__.9
                0x100097b0        0x9 CMakeFiles/rtos_blink.dir/C_/Pico/pico-sdk/lib/tinyusb/src/device/usbd.c.obj
 *fill*         0x100097b9        0x3 
 .rodata._usbd_driver
                0x100097bc       0x18 CMakeFiles/rtos_blink.dir/C_/Pico/pico-sdk/lib/tinyusb/src/device/usbd.c.obj
 .rodata.tud_control_xfer.str1.4
                0x100097d4       0x17 CMakeFiles/rtos_blink.dir/C_/Pico/pico-sdk/lib/tinyusb/src/device/usbd_control.c.obj
 .rodata.__func__.0
                0x100097d4       0x15 CMakeFiles/rtos_blink.dir/C_/Pico/pico-sdk/lib/tinyusb/src/device/usbd_control.c.obj
 *fill*         0x100097e9        0x3 
 .rodata.__func__.1
                0x100097ec       0x11 CMakeFiles/rtos_blink.dir/C_/Pico/pico-sdk/lib/tinyusb/src/device/usbd_control.c.obj
 .rodata.tud_cdc_n_write_flush.str1.4
                0x100097fd       0x17 CMakeFiles/rtos_blink.dir/C_/Pico/pico-sdk/lib/tinyusb/src/class/cdc/cdc_device.c.obj
 *fill*         0x100097fd        0x3 
 .rodata.__func__.0
                0x10009800        0xd CMakeFiles/rtos_blink.dir/C_/Pico/pico-sdk/lib/tinyusb/src/class/cdc/cdc_device.c.obj
 *fill*         0x1000980d        0x3 
 .rodata.__func__.1
                0x10009810        0xa CMakeFiles/rtos_blink.dir/C_/Pico/pico-sdk/lib/tinyusb/src/class/cdc/cdc_device.c.obj
 *fill*         0x1000981a        0x2 
 .rodata.__func__.2
                0x1000981c       0x16 CMakeFiles/rtos_blink.dir/C_/Pico/pico-sdk/lib/tinyusb/src/class/cdc/cdc_device.c.obj
 .rodata.tusb_init.str1.4
                0x10009832       0x17 CMakeFiles/rtos_blink.dir/C_/Pico/pico-sdk/lib/tinyusb/src/tusb.c.obj
 *fill*         0x10009832        0x2 
 .rodata.__func__.0
                0x10009834       0x11 CMakeFiles/rtos_blink.dir/C_/Pico/pico-sdk/lib/tinyusb/src/tusb.c.obj
 *fill*         0x10009845        0x3 
 .rodata.__func__.1
                0x10009848        0xa CMakeFiles/rtos_blink.dir/C_/Pico/pico-sdk/lib/tinyusb/src/tusb.c.obj
 *fill*         0x10009852        0x2 
 .rodata.pico_get_unique_board_id_string.str1.4
                0x10009854       0x43 CMakeFiles/rtos_blink.dir/C_/Pico/pico-sdk/src/rp2_common/pico_unique_id/unique_id.c.obj
 *fill*         0x10009897        0x1 
 .rodata.__func__.0
                0x10009898       0x20 CMakeFiles/rtos_blink.dir/C_/Pico/pico-sdk/src/rp2_common/pico_unique_id/unique_id.c.obj
 .rodata.str1.4
                0x100098b8      0x14e CMakeFiles/rtos_blink.dir/C_/Pico/pico-sdk/src/rp2_common/hardware_flash/flash.c.obj
 *fill*         0x10009a06        0x2 
 .rodata.__func__.0
                0x10009a08        0xd CMakeFiles/rtos_blink.dir/C_/Pico/pico-sdk/src/rp2_common/hardware_flash/flash.c.obj
 *fill*         0x10009a15        0x3 
 .rodata.str1.4
                0x10009a18        0x5 libFreeRTOS.a(tasks.c.obj)
                0x10009a20                . = ALIGN (0x4)
 *fill*         0x10009a1d        0x3 
 *(SORT_BY_ALIGNMENT(SORT_BY_NAME(.flashdata*)))
                0x10009a20                . = ALIGN (0x4)

.rel.dyn        0x10009a20        0x0
 .rel.iplt      0x10009a20        0x0 c:/progra~2/gnuarm~1/102021~1.10/bin/../lib/gcc/arm-none-eabi/10.3.1/thumb/v6-m/nofp/crtbegin.o

.ARM.extab
 *(.ARM.extab* .gnu.linkonce.armextab.*)
                0x10009a20                __exidx_start = .

.ARM.exidx
 *(.ARM.exidx* .gnu.linkonce.armexidx.*)
                0x10009a20                __exidx_end = .
                0x10009a20                . = ALIGN (0x4)
                0x10009a20                __binary_info_start = .

.binary_info    0x10009a20       0x20
 *(.binary_info.keep.*)
 .binary_info.keep.__bi_ptr22
                0x10009a20        0x4 CMakeFiles/rtos_blink.dir/C_/Pico/pico-sdk/src/rp2_common/pico_standard_link/binary_info.c.obj
 .binary_info.keep.__bi_ptr30
                0x10009a24        0x4 CMakeFiles/rtos_blink.dir/C_/Pico/pico-sdk/src/rp2_common/pico_standard_link/binary_info.c.obj
 .binary_info.keep.__bi_ptr38
                0x10009a28        0x4 CMakeFiles/rtos_blink.dir/C_/Pico/pico-sdk/src/rp2_common/pico_standard_link/binary_info.c.obj
 .binary_info.keep.__bi_ptr44
                0x10009a2c        0x4 CMakeFiles/rtos_blink.dir/C_/Pico/pico-sdk/src/rp2_common/pico_standard_link/binary_info.c.obj
 .binary_info.keep.__bi_ptr50
                0x10009a30        0x4 CMakeFiles/rtos_blink.dir/C_/Pico/pico-sdk/src/rp2_common/pico_standard_link/binary_info.c.obj
 .binary_info.keep.__bi_ptr75
                0x10009a34        0x4 CMakeFiles/rtos_blink.dir/C_/Pico/pico-sdk/src/rp2_common/pico_standard_link/binary_info.c.obj
 .binary_info.keep.__bi_ptr81
                0x10009a38        0x4 CMakeFiles/rtos_blink.dir/C_/Pico/pico-sdk/src/rp2_common/pico_standard_link/binary_info.c.obj
 *(.binary_info.*)
 .binary_info.__bi_ptr93
                0x10009a3c        0x4 CMakeFiles/rtos_blink.dir/C_/Pico/pico-sdk/src/rp2_common/pico_stdio_usb/stdio_usb.c.obj
                0x10009a40                __binary_info_end = .
                0x10009a40                . = ALIGN (0x4)
                0x10009a40                __etext = .

.ram_vector_table
                0x20000000       0xc0
 *(.ram_vector_table)
 .ram_vector_table
                0x20000000       0xc0 CMakeFiles/rtos_blink.dir/C_/Pico/pico-sdk/src/rp2_common/pico_runtime/runtime.c.obj
                0x20000000                ram_vector_table

.data           0x200000c0      0x468 load address 0x10009a40
                0x200000c0                __data_start__ = .
 *(vtable)
 *(.time_critical*)
 .time_critical.mutex_enter_blocking
                0x200000c0       0x48 CMakeFiles/rtos_blink.dir/C_/Pico/pico-sdk/src/common/pico_sync/mutex.c.obj
                0x200000c0                mutex_enter_blocking
 .time_critical.mutex_try_enter
                0x20000108       0x46 CMakeFiles/rtos_blink.dir/C_/Pico/pico-sdk/src/common/pico_sync/mutex.c.obj
                0x20000108                mutex_try_enter
 *fill*         0x2000014e        0x2 
 .time_critical.mutex_enter_block_until
                0x20000150       0x8c CMakeFiles/rtos_blink.dir/C_/Pico/pico-sdk/src/common/pico_sync/mutex.c.obj
                0x20000150                mutex_enter_block_until
 .time_critical.mutex_enter_timeout_ms
                0x200001dc       0x74 CMakeFiles/rtos_blink.dir/C_/Pico/pico-sdk/src/common/pico_sync/mutex.c.obj
                0x200001dc                mutex_enter_timeout_ms
 .time_critical.mutex_exit
                0x20000250       0x4c CMakeFiles/rtos_blink.dir/C_/Pico/pico-sdk/src/common/pico_sync/mutex.c.obj
                0x20000250                mutex_exit
 .time_critical.flash_init_boot2_copyout
                0x2000029c       0x30 CMakeFiles/rtos_blink.dir/C_/Pico/pico-sdk/src/rp2_common/hardware_flash/flash.c.obj
 .time_critical.flash_enable_xip_via_boot2
                0x200002cc       0x10 CMakeFiles/rtos_blink.dir/C_/Pico/pico-sdk/src/rp2_common/hardware_flash/flash.c.obj
 .time_critical.flash_cs_force
                0x200002dc       0x28 CMakeFiles/rtos_blink.dir/C_/Pico/pico-sdk/src/rp2_common/hardware_flash/flash.c.obj
 .time_critical.flash_do_cmd
                0x20000304       0xd8 CMakeFiles/rtos_blink.dir/C_/Pico/pico-sdk/src/rp2_common/hardware_flash/flash.c.obj
                0x20000304                flash_do_cmd
 *(.text*)
 .text          0x200003dc        0x4 c:/progra~2/gnuarm~1/102021~1.10/bin/../lib/gcc/arm-none-eabi/10.3.1/thumb/v6-m/nofp\libgcc.a(_dvmd_tls.o)
                0x200003dc                __aeabi_idiv0
                0x200003dc                __aeabi_ldiv0
 .text.__stub   0x200003e0       0x40 linker stubs
                0x20000420                . = ALIGN (0x4)
 *(.rodata*)
                0x20000420                . = ALIGN (0x4)
 *(.data*)
 .data.striped_spin_lock_num
                0x20000420        0x1 CMakeFiles/rtos_blink.dir/C_/Pico/pico-sdk/src/rp2_common/hardware_sync/sync.c.obj
 *fill*         0x20000421        0x3 
 .data.default_alarm_pool
                0x20000424       0x18 CMakeFiles/rtos_blink.dir/C_/Pico/pico-sdk/src/common/pico_time/time.c.obj
 .data.default_alarm_pool_heap
                0x2000043c       0x10 CMakeFiles/rtos_blink.dir/C_/Pico/pico-sdk/src/common/pico_time/time.c.obj
 .data          0x2000044c       0x48 CMakeFiles/rtos_blink.dir/C_/Pico/pico-sdk/src/rp2_common/hardware_irq/irq_handler_chain.S.obj
                0x2000044c                irq_handler_chain_slots
                0x2000047c                irq_handler_chain_first_slot
                0x20000486                irq_handler_chain_remove_tail
 *fill*         0x20000494        0xc 
 .data.aeabi_bits_funcs
                0x200004a0       0x10 CMakeFiles/rtos_blink.dir/C_/Pico/pico-sdk/src/rp2_common/pico_bit_ops/bit_ops_aeabi.S.obj
                0x200004a0                aeabi_bits_funcs
                0x200004b0                aeabi_bits_funcs_end
 .data.aeabi_mem_funcs
                0x200004b0       0x10 CMakeFiles/rtos_blink.dir/C_/Pico/pico-sdk/src/rp2_common/pico_mem_ops/mem_ops_aeabi.S.obj
                0x200004b0                aeabi_mem_funcs
                0x200004c0                aeabi_mem_funcs_end
 .data.stdio_usb
                0x200004c0       0x14 CMakeFiles/rtos_blink.dir/C_/Pico/pico-sdk/src/rp2_common/pico_stdio_usb/stdio_usb.c.obj
                0x200004c0                stdio_usb
 .data.ep_dir_string
                0x200004d4        0x8 CMakeFiles/rtos_blink.dir/C_/Pico/pico-sdk/lib/tinyusb/src/portable/raspberrypi/rp2040/rp2040_usb.c.obj
                0x200004d4                ep_dir_string
 .data._usbd_qdef
                0x200004dc       0x24 CMakeFiles/rtos_blink.dir/C_/Pico/pico-sdk/lib/tinyusb/src/device/usbd.c.obj
                0x200004dc                _usbd_qdef
 .data          0x20000500        0x4 libFreeRTOS.a(tasks.c.obj)
                0x20000500                uxTopUsedPriority
 .data          0x20000504        0x4 libFreeRTOS.a(port.c.obj)
                0x20000508                . = ALIGN (0x4)
 *(.after_data.*)
                0x20000508                . = ALIGN (0x4)
                0x20000508                PROVIDE (__mutex_array_start = .)
 *(SORT_BY_NAME(.mutex_array.*))
 *(.mutex_array)
 .mutex_array   0x20000508        0x8 CMakeFiles/rtos_blink.dir/C_/Pico/pico-sdk/src/rp2_common/pico_stdio/stdio.c.obj
                0x20000510                PROVIDE (__mutex_array_end = .)
                0x20000510                . = ALIGN (0x4)
                0x20000510                PROVIDE (__preinit_array_start = .)
 *(SORT_BY_NAME(.preinit_array.*))
 .preinit_array.00001
                0x20000510        0x4 CMakeFiles/rtos_blink.dir/C_/Pico/pico-sdk/src/rp2_common/pico_mem_ops/mem_ops_aeabi.S.obj
 .preinit_array.00010
                0x20000514        0x4 CMakeFiles/rtos_blink.dir/C_/Pico/pico-sdk/src/rp2_common/pico_bit_ops/bit_ops_aeabi.S.obj
 .preinit_array.00020
                0x20000518        0x4 CMakeFiles/rtos_blink.dir/C_/Pico/pico-sdk/src/rp2_common/pico_double/double_aeabi.S.obj
 .preinit_array.00020
                0x2000051c        0x4 CMakeFiles/rtos_blink.dir/C_/Pico/pico-sdk/src/rp2_common/pico_float/float_aeabi.S.obj
 *(.preinit_array)
                0x20000520                PROVIDE (__preinit_array_end = .)
                0x20000520                . = ALIGN (0x4)
                0x20000520                PROVIDE (__init_array_start = .)
 *(SORT_BY_NAME(.init_array.*))
 *(.init_array)
 .init_array    0x20000520        0x4 c:/progra~2/gnuarm~1/102021~1.10/bin/../lib/gcc/arm-none-eabi/10.3.1/thumb/v6-m/nofp/crtbegin.o
 .init_array    0x20000524        0x4 CMakeFiles/rtos_blink.dir/C_/Pico/pico-sdk/src/rp2_common/pico_unique_id/unique_id.c.obj
                0x20000528                PROVIDE (__init_array_end = .)
                0x20000528                . = ALIGN (0x4)
                [!provide]                PROVIDE (__fini_array_start = .)
 *(SORT_BY_NAME(.fini_array.*))
 *(.fini_array)
                [!provide]                PROVIDE (__fini_array_end = .)
 *(.jcr)
                0x20000528                . = ALIGN (0x4)
                0x20000528                __data_end__ = .

.igot.plt       0x20000528        0x0 load address 0x10009ea8
 .igot.plt      0x20000528        0x0 c:/progra~2/gnuarm~1/102021~1.10/bin/../lib/gcc/arm-none-eabi/10.3.1/thumb/v6-m/nofp/crtbegin.o

.uninitialized_data
                0x20000528        0x0 load address 0x10009ea8
                0x20000528                . = ALIGN (0x4)
 *(.uninitialized_data*)

.scratch_x      0x20040000        0x0 load address 0x10009ea8
                0x20040000                __scratch_x_start__ = .
 *(.scratch_x.*)
                0x20040000                . = ALIGN (0x4)
                0x20040000                __scratch_x_end__ = .
                0x10009ea8                __scratch_x_source__ = LOADADDR (.scratch_x)

.scratch_y      0x20041000        0x0 load address 0x10009ea8
                0x20041000                __scratch_y_start__ = .
 *(.scratch_y.*)
                0x20041000                . = ALIGN (0x4)
                0x20041000                __scratch_y_end__ = .
                0x10009ea8                __scratch_y_source__ = LOADADDR (.scratch_y)

.bss            0x20000528     0xd1f4
                0x20000528                . = ALIGN (0x4)
                0x20000528                __bss_start__ = .
 *(SORT_BY_ALIGNMENT(SORT_BY_NAME(.bss*)))
 .bss.default_alarm_pool_entries
                0x20000528      0x100 CMakeFiles/rtos_blink.dir/C_/Pico/pico-sdk/src/common/pico_time/time.c.obj
 .bss.last_avail_time.2
                0x20000628        0x8 CMakeFiles/rtos_blink.dir/C_/Pico/pico-sdk/src/rp2_common/pico_stdio_usb/stdio_usb.c.obj
 .bss           0x20000630       0x1c c:/progra~2/gnuarm~1/102021~1.10/bin/../lib/gcc/arm-none-eabi/10.3.1/thumb/v6-m/nofp/crtbegin.o
 .bss           0x2000064c      0x104 libFreeRTOS.a(tasks.c.obj)
                0x20000724                pxCurrentTCB
 .bss           0x20000750     0xc370 libFreeRTOS.a(heap_4.c.obj)
 .bss._app_driver
                0x2000cac0        0x4 CMakeFiles/rtos_blink.dir/C_/Pico/pico-sdk/lib/tinyusb/src/device/usbd.c.obj
 .bss._cdcd_itf
                0x2000cac4      0x2d8 CMakeFiles/rtos_blink.dir/C_/Pico/pico-sdk/lib/tinyusb/src/class/cdc/cdc_device.c.obj
 .bss._ctrl_xfer
                0x2000cd9c       0x14 CMakeFiles/rtos_blink.dir/C_/Pico/pico-sdk/lib/tinyusb/src/device/usbd_control.c.obj
 .bss._ubsd_mutexdef
                0x2000cdb0        0x8 CMakeFiles/rtos_blink.dir/C_/Pico/pico-sdk/lib/tinyusb/src/device/usbd.c.obj
 .bss._usbd_ctrl_buf
                0x2000cdb8       0x40 CMakeFiles/rtos_blink.dir/C_/Pico/pico-sdk/lib/tinyusb/src/device/usbd_control.c.obj
 .bss._usbd_dev
                0x2000cdf8       0x53 CMakeFiles/rtos_blink.dir/C_/Pico/pico-sdk/lib/tinyusb/src/device/usbd.c.obj
 *fill*         0x2000ce4b        0x1 
 .bss._usbd_mutex
                0x2000ce4c        0x4 CMakeFiles/rtos_blink.dir/C_/Pico/pico-sdk/lib/tinyusb/src/device/usbd.c.obj
 .bss._usbd_q   0x2000ce50        0x4 CMakeFiles/rtos_blink.dir/C_/Pico/pico-sdk/lib/tinyusb/src/device/usbd.c.obj
 .bss._usbd_qdef_buf
                0x2000ce54       0xc0 CMakeFiles/rtos_blink.dir/C_/Pico/pico-sdk/lib/tinyusb/src/device/usbd.c.obj
                0x2000ce54                _usbd_qdef_buf
 .bss.alarm_callbacks
                0x2000cf14       0x10 CMakeFiles/rtos_blink.dir/C_/Pico/pico-sdk/src/rp2_common/hardware_timer/timer.c.obj
 .bss.boot2_copyout
                0x2000cf24      0x100 CMakeFiles/rtos_blink.dir/C_/Pico/pico-sdk/src/rp2_common/hardware_flash/flash.c.obj
 .bss.claimed   0x2000d024        0x4 CMakeFiles/rtos_blink.dir/C_/Pico/pico-sdk/src/rp2_common/hardware_sync/sync.c.obj
 .bss.configured_freq
                0x2000d028       0x28 CMakeFiles/rtos_blink.dir/C_/Pico/pico-sdk/src/rp2_common/hardware_clocks/clocks.c.obj
 .bss.default_alarm_pool_entry_ids_high
                0x2000d050       0x10 CMakeFiles/rtos_blink.dir/C_/Pico/pico-sdk/src/common/pico_time/time.c.obj
 .bss.default_alarm_pool_heap_nodes
                0x2000d060       0x30 CMakeFiles/rtos_blink.dir/C_/Pico/pico-sdk/src/common/pico_time/time.c.obj
 .bss.desc_str.0
                0x2000d090       0x28 CMakeFiles/rtos_blink.dir/C_/Pico/pico-sdk/src/rp2_common/pico_stdio_usb/stdio_usb_descriptors.c.obj
 .bss.drivers   0x2000d0b8        0x4 CMakeFiles/rtos_blink.dir/C_/Pico/pico-sdk/src/rp2_common/pico_stdio/stdio.c.obj
 .bss.filter    0x2000d0bc        0x4 CMakeFiles/rtos_blink.dir/C_/Pico/pico-sdk/src/rp2_common/pico_stdio/stdio.c.obj
 .bss.hw_endpoints
                0x2000d0c0      0x400 CMakeFiles/rtos_blink.dir/C_/Pico/pico-sdk/lib/tinyusb/src/portable/raspberrypi/rp2040/dcd_rp2040.c.obj
 .bss.load_value
                0x2000d4c0        0x4 CMakeFiles/rtos_blink.dir/C_/Pico/pico-sdk/src/rp2_common/hardware_watchdog/watchdog.c.obj
 .bss.next_buffer_ptr
                0x2000d4c4        0x4 CMakeFiles/rtos_blink.dir/C_/Pico/pico-sdk/lib/tinyusb/src/portable/raspberrypi/rp2040/dcd_rp2040.c.obj
 .bss.pools     0x2000d4c8       0x10 CMakeFiles/rtos_blink.dir/C_/Pico/pico-sdk/src/common/pico_time/time.c.obj
 .bss.retrieved_id
                0x2000d4d8        0x8 CMakeFiles/rtos_blink.dir/C_/Pico/pico-sdk/src/rp2_common/pico_unique_id/unique_id.c.obj
 .bss.sd_table  0x2000d4e0      0x100 CMakeFiles/rtos_blink.dir/C_/Pico/pico-sdk/src/rp2_common/pico_double/double_init_rom.c.obj
                0x2000d4e0                sd_table
 .bss.sf_clz_func
                0x2000d5e0        0x4 CMakeFiles/rtos_blink.dir/C_/Pico/pico-sdk/src/rp2_common/pico_double/double_init_rom.c.obj
                0x2000d5e0                sf_clz_func
 .bss.sf_table  0x2000d5e4      0x100 CMakeFiles/rtos_blink.dir/C_/Pico/pico-sdk/src/rp2_common/pico_float/float_init_rom.c.obj
                0x2000d5e4                sf_table
 .bss.sleep_notifier
                0x2000d6e4        0x4 CMakeFiles/rtos_blink.dir/C_/Pico/pico-sdk/src/common/pico_time/time.c.obj
 .bss.stdio_usb_mutex
                0x2000d6e8        0x8 CMakeFiles/rtos_blink.dir/C_/Pico/pico-sdk/src/rp2_common/pico_stdio_usb/stdio_usb.c.obj
 .bss.target_hi
                0x2000d6f0       0x10 CMakeFiles/rtos_blink.dir/C_/Pico/pico-sdk/src/rp2_common/hardware_timer/timer.c.obj
 .bss.usbd_serial_str
                0x2000d700       0x11 CMakeFiles/rtos_blink.dir/C_/Pico/pico-sdk/src/rp2_common/pico_stdio_usb/stdio_usb_descriptors.c.obj
 .bss.LED_Status
                0x2000d711        0x1 CMakeFiles/rtos_blink.dir/src/rtos_blink.c.obj
                0x2000d711                LED_Status